Archive member included because of file (symbol)

C:/Freescale/CW_MCU_v10.6/MCU/ARM_GCC_Support/ewl/lib/armv6-m\libc.a(sprintf.o)
                              ./Sources/main.o (sprintf)
C:/Freescale/CW_MCU_v10.6/MCU/ARM_GCC_Support/ewl/lib/armv6-m\libc.a(vsnprintf.o)
                              C:/Freescale/CW_MCU_v10.6/MCU/ARM_GCC_Support/ewl/lib/armv6-m\libc.a(sprintf.o) (vsnprintf)
C:/Freescale/CW_MCU_v10.6/MCU/ARM_GCC_Support/ewl/lib/armv6-m\libc.a(alloc.o)
                              ./Sources/main.o (malloc)
C:/Freescale/CW_MCU_v10.6/MCU/ARM_GCC_Support/ewl/lib/armv6-m\libc.a(exit.o)
                              ./Project_Settings/Startup_Code/__arm_start.o (exit)
C:/Freescale/CW_MCU_v10.6/MCU/ARM_GCC_Support/ewl/lib/armv6-m\libc.a(memcpy.o)
                              C:/Freescale/CW_MCU_v10.6/MCU/ARM_GCC_Support/ewl/lib/armv6-m\libc.a(vsnprintf.o) (memcpy)
C:/Freescale/CW_MCU_v10.6/MCU/ARM_GCC_Support/ewl/lib/armv6-m\libc.a(memset.o)
                              ./Project_Settings/Startup_Code/__arm_start.o (memset)
C:/Freescale/CW_MCU_v10.6/MCU/ARM_GCC_Support/ewl/lib/armv6-m\libc.a(strcat.o)
                              ./Sources/main.o (strcat)
C:/Freescale/CW_MCU_v10.6/MCU/ARM_GCC_Support/ewl/lib/armv6-m\libc.a(strcmp.o)
                              ./Generated_Code/EE241.o (strcmp)
C:/Freescale/CW_MCU_v10.6/MCU/ARM_GCC_Support/ewl/lib/armv6-m\libc.a(strlen.o)
                              ./Sources/main.o (strlen)
C:/Freescale/CW_MCU_v10.6/MCU/ARM_GCC_Support/ewl/lib/armv6-m\libc.a(printformat_.o)
                              (__pformatter_)
C:/Freescale/CW_MCU_v10.6/MCU/ARM_GCC_Support/ewl/lib/armv6-m\libc.a(scanformat_.o)
                              (__sformatter)
C:/Freescale/CW_MCU_v10.6/MCU/ARM_GCC_Support/ewl/lib/armv6-m\libc.a(ctype_aeabi.o)
                              C:/Freescale/CW_MCU_v10.6/MCU/ARM_GCC_Support/ewl/lib/armv6-m\libc.a(scanformat_.o) (isspace)
C:/Freescale/CW_MCU_v10.6/MCU/ARM_GCC_Support/ewl/lib/armv6-m\libc.a(__strtoul.o)
                              C:/Freescale/CW_MCU_v10.6/MCU/ARM_GCC_Support/ewl/lib/armv6-m\libc.a(scanformat_.o) (__strtoul)
C:/Freescale/CW_MCU_v10.6/MCU/ARM_GCC_Support/ewl/lib/armv6-m\libc.a(__filll_mem.o)
                              C:/Freescale/CW_MCU_v10.6/MCU/ARM_GCC_Support/ewl/lib/armv6-m\libc.a(memset.o) (__fill_mem)
C:/Freescale/CW_MCU_v10.6/MCU/ARM_GCC_Support/ewl/lib/armv6-m\libc.a(memchr.o)
                              C:/Freescale/CW_MCU_v10.6/MCU/ARM_GCC_Support/ewl/lib/armv6-m\libc.a(printformat_.o) (memchr)
C:/Freescale/CW_MCU_v10.6/MCU/ARM_GCC_Support/ewl/lib/armv6-m\libc.a(strchr.o)
                              C:/Freescale/CW_MCU_v10.6/MCU/ARM_GCC_Support/ewl/lib/armv6-m\libc.a(printformat_.o) (strchr)
C:/Freescale/CW_MCU_v10.6/MCU/ARM_GCC_Support/ewl/lib/armv6-m\libm.a(round.o)
                              ./Sources/main.o (round)
C:/Freescale/CW_MCU_v10.6/MCU/ARM_GCC_Support/ewl/lib/armv6-m\libm.a(s_ceil.o)
                              ./Sources/main.o (ceil)
C:/Freescale/CW_MCU_v10.6/MCU/ARM_GCC_Support/ewl/lib/armv6-m\libm.a(s_floor.o)
                              ./Sources/main.o (floor)
C:/Freescale/CW_MCU_v10.6/MCU/ARM_GCC_Support/ewl/lib/armv6-m\libm.a(s_modf.o)
                              C:/Freescale/CW_MCU_v10.6/MCU/ARM_GCC_Support/ewl/lib/armv6-m\libm.a(round.o) (modf)
C:/Freescale/CW_MCU_v10.6/MCU/ARM_GCC_Support/ewl/lib/armv6-m\libm.a(math_api.o)
                              C:/Freescale/CW_MCU_v10.6/MCU/ARM_GCC_Support/ewl/lib/armv6-m\libm.a(round.o) (__fpclassifyd)
c:/freescale/cw_mcu_v10.6/cross_tools/arm-none-eabi-gcc-4_7_3/bin/../lib/gcc/arm-none-eabi/4.7.3/armv6-m\libgcc.a(_thumb1_case_sqi.o)
                              C:/Freescale/CW_MCU_v10.6/MCU/ARM_GCC_Support/ewl/lib/armv6-m\libc.a(__strtoul.o) (__gnu_thumb1_case_sqi)
c:/freescale/cw_mcu_v10.6/cross_tools/arm-none-eabi-gcc-4_7_3/bin/../lib/gcc/arm-none-eabi/4.7.3/armv6-m\libgcc.a(_thumb1_case_uqi.o)
                              C:/Freescale/CW_MCU_v10.6/MCU/ARM_GCC_Support/ewl/lib/armv6-m\libc.a(scanformat_.o) (__gnu_thumb1_case_uqi)
c:/freescale/cw_mcu_v10.6/cross_tools/arm-none-eabi-gcc-4_7_3/bin/../lib/gcc/arm-none-eabi/4.7.3/armv6-m\libgcc.a(_udivsi3.o)
                              ./Generated_Code/GI2C2.o (__aeabi_uidiv)
c:/freescale/cw_mcu_v10.6/cross_tools/arm-none-eabi-gcc-4_7_3/bin/../lib/gcc/arm-none-eabi/4.7.3/armv6-m\libgcc.a(_divsi3.o)
                              ./Sources/main.o (__aeabi_idivmod)
c:/freescale/cw_mcu_v10.6/cross_tools/arm-none-eabi-gcc-4_7_3/bin/../lib/gcc/arm-none-eabi/4.7.3/armv6-m\libgcc.a(_dvmd_tls.o)
                              c:/freescale/cw_mcu_v10.6/cross_tools/arm-none-eabi-gcc-4_7_3/bin/../lib/gcc/arm-none-eabi/4.7.3/armv6-m\libgcc.a(_udivsi3.o) (__aeabi_idiv0)
c:/freescale/cw_mcu_v10.6/cross_tools/arm-none-eabi-gcc-4_7_3/bin/../lib/gcc/arm-none-eabi/4.7.3/armv6-m\libgcc.a(_arm_cmpdf2.o)
[...]
Memory Configuration

Name             Origin             Length             Attributes
m_interrupts     0x00000000         0x000000c0         xr
m_text           0x00000410         0x0001fbf0         xr
m_data           0x1ffff000         0x00004000         rw
m_cfmprotrom     0x00000400         0x00000010         xr
*default*        0x00000000         0xffffffff

Linker script and memory map

LOAD ./Generated_Code/timer.o
LOAD ./Generated_Code/WAIT4.o
LOAD ./Generated_Code/WAIT3.o
LOAD ./Generated_Code/WAIT2.o
LOAD ./Generated_Code/WAIT1.o
LOAD ./Generated_Code/Vectors.o
LOAD ./Generated_Code/TimerIntLdd1.o
LOAD ./Generated_Code/TU1.o
LOAD ./Generated_Code/STM32.o
LOAD ./Generated_Code/RS.o
LOAD ./Generated_Code/PE_LDD.o
LOAD ./Generated_Code/LED.o
LOAD ./Generated_Code/L4.o
LOAD ./Generated_Code/L3.o
LOAD ./Generated_Code/L2.o
LOAD ./Generated_Code/L1.o
LOAD ./Generated_Code/KSDK1.o
LOAD ./Generated_Code/I2CAccel.o
LOAD ./Generated_Code/GI2C2.o
LOAD ./Generated_Code/GI2C1.o
LOAD ./Generated_Code/ExtIntLdd1.o
LOAD ./Generated_Code/Enable.o
LOAD ./Generated_Code/EInt1.o
LOAD ./Generated_Code/EE241.o
LOAD ./Generated_Code/DataCmd.o
LOAD ./Generated_Code/DacLdd1.o
LOAD ./Generated_Code/Cpu.o
LOAD ./Generated_Code/ConversorDA.o
LOAD ./Generated_Code/Conversor.o
LOAD ./Generated_Code/CI2C1.o
LOAD ./Generated_Code/C3.o
LOAD ./Generated_Code/C2.o
LOAD ./Generated_Code/C1.o
LOAD ./Generated_Code/Button.o
LOAD ./Generated_Code/Bluetooth.o
LOAD ./Generated_Code/BitsIoLdd1.o
LOAD ./Generated_Code/BitIoLdd9.o
LOAD ./Generated_Code/BitIoLdd8.o
LOAD ./Generated_Code/BitIoLdd7.o
LOAD ./Generated_Code/BitIoLdd6.o
LOAD ./Generated_Code/BitIoLdd5.o
LOAD ./Generated_Code/BitIoLdd4.o
LOAD ./Generated_Code/BitIoLdd3.o
LOAD ./Generated_Code/BitIoLdd2.o
LOAD ./Generated_Code/BitIoLdd11.o
LOAD ./Generated_Code/BitIoLdd10.o
LOAD ./Generated_Code/BitIoLdd1.o
LOAD ./Generated_Code/AdcLdd1.o
LOAD ./Generated_Code/Accelerometer.o
LOAD ./Generated_Code/ASerialLdd2.o
LOAD ./Generated_Code/ASerialLdd1.o
LOAD ./Project_Settings/Startup_Code/__arm_start.o
LOAD ./Project_Settings/Startup_Code/__arm_end.o
LOAD ./Sources/sa_mtb.o
LOAD ./Sources/main.o
LOAD ./Sources/Events.o
                0x00009d10                __pformatter = __pformatter_
                [0x0000a138]                __sformatter = __sformatter
START GROUP
LOAD C:/Freescale/CW_MCU_v10.6/MCU/ARM_GCC_Support/ewl/lib/armv6-m\libc.a
LOAD C:/Freescale/CW_MCU_v10.6/MCU/ARM_GCC_Support/ewl/lib/armv6-m\libm.a
LOAD c:/freescale/cw_mcu_v10.6/cross_tools/arm-none-eabi-gcc-4_7_3/bin/../lib/gcc/arm-none-eabi/4.7.3/armv6-m\libgcc.a
LOAD C:/Freescale/CW_MCU_v10.6/MCU/ARM_GCC_Support/ewl/lib/armv6-m\librt.a
LOAD C:/Freescale/CW_MCU_v10.6/MCU/ARM_GCC_Support/ewl/lib/armv6-m\libuart.a
END GROUP
                0x20003000                _estack = 0x20003000
                0x20003000                __SP_INIT = _estack
                0x00000000                __heap_size = 0x0
                0x00000400                __stack_size = 0x400

.interrupts     0x00000000       0xc0
                0x00000000                __vector_table = .
                0x00000000                . = ALIGN (0x4)
 *(.vectortable)
 .vectortable   0x00000000       0xc0 ./Generated_Code/Vectors.o
                0x00000000                __vect_table
                0x000000c0                . = ALIGN (0x4)

.cfmprotect     0x00000400       0x10
                0x00000400                . = ALIGN (0x4)
 *(.cfmconfig)
 .cfmconfig     0x00000400       0x10 ./Generated_Code/Cpu.o
                0x00000400                _cfm
                0x00000410                . = ALIGN (0x4)

.text           0x00000410     0xb0a4
                0x00000410                . = ALIGN (0x4)
 *(.text)
 .text          0x00000410       0x14 c:/freescale/cw_mcu_v10.6/cross_tools/arm-none-eabi-gcc-4_7_3/bin/../lib/gcc/arm-none-eabi/4.7.3/armv6-m\libgcc.a(_thumb1_case_sqi.o)
                0x00000410                __gnu_thumb1_case_sqi
 .text          0x00000424       0x14 c:/freescale/cw_mcu_v10.6/cross_tools/arm-none-eabi-gcc-4_7_3/bin/../lib/gcc/arm-none-eabi/4.7.3/armv6-m\libgcc.a(_thumb1_case_uqi.o)
                0x00000424                __gnu_thumb1_case_uqi
 .text          0x00000438       0x9c c:/freescale/cw_mcu_v10.6/cross_tools/arm-none-eabi-gcc-4_7_3/bin/../lib/gcc/arm-none-eabi/4.7.3/armv6-m\libgcc.a(_udivsi3.o)
                0x00000438                __aeabi_uidiv
                0x00000438                __udivsi3
                0x000004c0                __aeabi_uidivmod
 .text          0x000004d4       0xc0 c:/freescale/cw_mcu_v10.6/cross_tools/arm-none-eabi-gcc-4_7_3/bin/../lib/gcc/arm-none-eabi/4.7.3/armv6-m\libgcc.a(_divsi3.o)
                0x000004d4                __divsi3
                0x000004d4                __aeabi_idiv
                0x00000580                __aeabi_idivmod
 .text          0x00000594        0x4 c:/freescale/cw_mcu_v10.6/cross_tools/arm-none-eabi-gcc-4_7_3/bin/../lib/gcc/arm-none-eabi/4.7.3/armv6-m\libgcc.a(_dvmd_tls.o)
                0x00000594                __aeabi_idiv0
                0x00000594                __aeabi_ldiv0
 .text          0x00000598       0x7c c:/freescale/cw_mcu_v10.6/cross_tools/arm-none-eabi-gcc-4_7_3/bin/../lib/gcc/arm-none-eabi/4.7.3/armv6-m\libgcc.a(_arm_cmpdf2.o)
                0x00000598                __aeabi_cdrcmple
                0x000005a8                __aeabi_cdcmple
                0x000005a8                __aeabi_cdcmpeq
                0x000005b8                __aeabi_dcmpeq
                0x000005c4                __aeabi_dcmplt
                0x000005d8                __aeabi_dcmple
                0x000005ec                __aeabi_dcmpgt
                0x00000600                __aeabi_dcmpge
 .text          0x00000614       0x74 c:/freescale/cw_mcu_v10.6/cross_tools/arm-none-eabi-gcc-4_7_3/bin/../lib/gcc/arm-none-eabi/4.7.3/armv6-m\libgcc.a(_arm_cmpsf2.o)
                0x00000614                __aeabi_cfrcmple
                0x0000061c                __aeabi_cfcmpeq
                0x0000061c                __aeabi_cfcmple
                0x0000062c                __aeabi_fcmpeq
                0x00000638                __aeabi_fcmplt
                0x0000064c                __aeabi_fcmple
                0x00000660                __aeabi_fcmpgt
                0x00000674                __aeabi_fcmpge
 .text          0x00000688      0x3a4 c:/freescale/cw_mcu_v10.6/cross_tools/arm-none-eabi-gcc-4_7_3/bin/../lib/gcc/arm-none-eabi/4.7.3/armv6-m\libgcc.a(addsf3.o)
                0x00000688                __aeabi_fadd
 .text          0x00000a2c      0x274 c:/freescale/cw_mcu_v10.6/cross_tools/arm-none-eabi-gcc-4_7_3/bin/../lib/gcc/arm-none-eabi/4.7.3/armv6-m\libgcc.a(divsf3.o)
                0x00000a2c                __aeabi_fdiv
 .text          0x00000ca0       0x50 c:/freescale/cw_mcu_v10.6/cross_tools/arm-none-eabi-gcc-4_7_3/bin/../lib/gcc/arm-none-eabi/4.7.3/armv6-m\libgcc.a(eqsf2.o)
                0x00000ca0                __eqsf2
                0x00000ca0                __nesf2
 .text          0x00000cf0       0x90 c:/freescale/cw_mcu_v10.6/cross_tools/arm-none-eabi-gcc-4_7_3/bin/../lib/gcc/arm-none-eabi/4.7.3/armv6-m\libgcc.a(gesf2.o)
                0x00000cf0                __gesf2
                0x00000cf0                __gtsf2
 .text          0x00000d80       0x90 c:/freescale/cw_mcu_v10.6/cross_tools/arm-none-eabi-gcc-4_7_3/bin/../lib/gcc/arm-none-eabi/4.7.3/armv6-m\libgcc.a(lesf2.o)
                0x00000d80                __ltsf2
                0x00000d80                __lesf2
 .text          0x00000e10      0x260 c:/freescale/cw_mcu_v10.6/cross_tools/arm-none-eabi-gcc-4_7_3/bin/../lib/gcc/arm-none-eabi/4.7.3/armv6-m\libgcc.a(mulsf3.o)
                0x00000e10                __aeabi_fmul
 .text          0x00001070      0x3ac c:/freescale/cw_mcu_v10.6/cross_tools/arm-none-eabi-gcc-4_7_3/bin/../lib/gcc/arm-none-eabi/4.7.3/armv6-m\libgcc.a(subsf3.o)
                0x00001070                __aeabi_fsub
 .text          0x0000141c       0x40 c:/freescale/cw_mcu_v10.6/cross_tools/arm-none-eabi-gcc-4_7_3/bin/../lib/gcc/arm-none-eabi/4.7.3/armv6-m\libgcc.a(fixsfsi.o)
                0x0000141c                __aeabi_f2iz
 .text          0x0000145c       0xa8 c:/freescale/cw_mcu_v10.6/cross_tools/arm-none-eabi-gcc-4_7_3/bin/../lib/gcc/arm-none-eabi/4.7.3/armv6-m\libgcc.a(floatsisf.o)
                0x0000145c                __aeabi_i2f
 .text          0x00001504       0xa8 c:/freescale/cw_mcu_v10.6/cross_tools/arm-none-eabi-gcc-4_7_3/bin/../lib/gcc/arm-none-eabi/4.7.3/armv6-m\libgcc.a(floatunsisf.o)
                0x00001504                __aeabi_ui2f
 .text          0x000015ac      0x758 c:/freescale/cw_mcu_v10.6/cross_tools/arm-none-eabi-gcc-4_7_3/bin/../lib/gcc/arm-none-eabi/4.7.3/armv6-m\libgcc.a(adddf3.o)
                0x000015ac                __aeabi_dadd
 .text          0x00001d04      0x5b8 c:/freescale/cw_mcu_v10.6/cross_tools/arm-none-eabi-gcc-4_7_3/bin/../lib/gcc/arm-none-eabi/4.7.3/armv6-m\libgcc.a(divdf3.o)
                0x00001d04                __aeabi_ddiv
 .text          0x000022bc       0x7c c:/freescale/cw_mcu_v10.6/cross_tools/arm-none-eabi-gcc-4_7_3/bin/../lib/gcc/arm-none-eabi/4.7.3/armv6-m\libgcc.a(eqdf2.o)
                0x000022bc                __nedf2
                0x000022bc                __eqdf2
 .text          0x00002338       0xe8 c:/freescale/cw_mcu_v10.6/cross_tools/arm-none-eabi-gcc-4_7_3/bin/../lib/gcc/arm-none-eabi/4.7.3/armv6-m\libgcc.a(gedf2.o)
                0x00002338                __gedf2
                0x00002338                __gtdf2
 .text          0x00002420       0xd8 c:/freescale/cw_mcu_v10.6/cross_tools/arm-none-eabi-gcc-4_7_3/bin/../lib/gcc/arm-none-eabi/4.7.3/armv6-m\libgcc.a(ledf2.o)
                0x00002420                __ledf2
                0x00002420                __ltdf2
 .text          0x000024f8      0x4e4 c:/freescale/cw_mcu_v10.6/cross_tools/arm-none-eabi-gcc-4_7_3/bin/../lib/gcc/arm-none-eabi/4.7.3/armv6-m\libgcc.a(muldf3.o)
                0x000024f8                __aeabi_dmul
 .text          0x000029dc      0x6f8 c:/freescale/cw_mcu_v10.6/cross_tools/arm-none-eabi-gcc-4_7_3/bin/../lib/gcc/arm-none-eabi/4.7.3/armv6-m\libgcc.a(subdf3.o)
                0x000029dc                __aeabi_dsub
 .text          0x000030d4       0x68 c:/freescale/cw_mcu_v10.6/cross_tools/arm-none-eabi-gcc-4_7_3/bin/../lib/gcc/arm-none-eabi/4.7.3/armv6-m\libgcc.a(fixdfsi.o)
                0x000030d4                __aeabi_d2iz
 .text          0x0000313c       0x74 c:/freescale/cw_mcu_v10.6/cross_tools/arm-none-eabi-gcc-4_7_3/bin/../lib/gcc/arm-none-eabi/4.7.3/armv6-m\libgcc.a(floatsidf.o)
                0x0000313c                __aeabi_i2d
 .text          0x000031b0       0x64 c:/freescale/cw_mcu_v10.6/cross_tools/arm-none-eabi-gcc-4_7_3/bin/../lib/gcc/arm-none-eabi/4.7.3/armv6-m\libgcc.a(floatunsidf.o)
                0x000031b0                __aeabi_ui2d
 .text          0x00003214       0xa8 c:/freescale/cw_mcu_v10.6/cross_tools/arm-none-eabi-gcc-4_7_3/bin/../lib/gcc/arm-none-eabi/4.7.3/armv6-m\libgcc.a(extendsfdf2.o)
                0x00003214                __aeabi_f2d
 .text          0x000032bc      0x134 c:/freescale/cw_mcu_v10.6/cross_tools/arm-none-eabi-gcc-4_7_3/bin/../lib/gcc/arm-none-eabi/4.7.3/armv6-m\libgcc.a(truncdfsf2.o)
                0x000032bc                __aeabi_d2f
 .text          0x000033f0       0x3c c:/freescale/cw_mcu_v10.6/cross_tools/arm-none-eabi-gcc-4_7_3/bin/../lib/gcc/arm-none-eabi/4.7.3/armv6-m\libgcc.a(_clzsi2.o)
                0x000033f0                __clzsi2
 *(.text*)
 .text.TimerIntLdd1_OnInterrupt
                0x0000342c       0x14 ./Generated_Code/timer.o
                0x0000342c                TimerIntLdd1_OnInterrupt
 .text.WAIT3_Wait10Cycles
                0x00003440        0x8 ./Generated_Code/WAIT3.o
                0x00003440                WAIT3_Wait10Cycles
 .text.WAIT3_Wait100Cycles
                0x00003448       0x18 ./Generated_Code/WAIT3.o
                0x00003448                WAIT3_Wait100Cycles
 .text.WAIT3_WaitCycles
                0x00003460       0x44 ./Generated_Code/WAIT3.o
                0x00003460                WAIT3_WaitCycles
 .text.WAIT3_WaitLongCycles
                0x000034a4       0x3c ./Generated_Code/WAIT3.o
                0x000034a4                WAIT3_WaitLongCycles
 .text.WAIT3_Waitms
                0x000034e0       0x38 ./Generated_Code/WAIT3.o
                0x000034e0                WAIT3_Waitms
 .text.WAIT1_Wait10Cycles
                0x00003518        0x8 ./Generated_Code/WAIT1.o
                0x00003518                WAIT1_Wait10Cycles
 .text.WAIT1_Wait100Cycles
                0x00003520       0x18 ./Generated_Code/WAIT1.o
                0x00003520                WAIT1_Wait100Cycles
 .text.WAIT1_WaitCycles
                0x00003538       0x44 ./Generated_Code/WAIT1.o
                0x00003538                WAIT1_WaitCycles
 .text.WAIT1_WaitLongCycles
                0x0000357c       0x3c ./Generated_Code/WAIT1.o
                0x0000357c                WAIT1_WaitLongCycles
 .text.WAIT1_Waitms
                0x000035b8       0x38 ./Generated_Code/WAIT1.o
                0x000035b8                WAIT1_Waitms
 .text.TimerIntLdd1_Init
                0x000035f0       0x50 ./Generated_Code/TimerIntLdd1.o
                0x000035f0                TimerIntLdd1_Init
 .text.TU1_OnCounterRestart
                0x00003640       0x24 ./Generated_Code/TimerIntLdd1.o
                0x00003640                TU1_OnCounterRestart
 .text.TU1_Init
                0x00003664       0xf8 ./Generated_Code/TU1.o
                0x00003664                TU1_Init
 .text.TU1_Interrupt
                0x0000375c       0x5c ./Generated_Code/TU1.o
                0x0000375c                TU1_Interrupt
 .text.HWEnDi   0x000037b8       0x20 ./Generated_Code/STM32.o
 .text.STM32_RecvChar
                0x000037d8       0xe8 ./Generated_Code/STM32.o
                0x000037d8                STM32_RecvChar
 .text.STM32_SendChar
                0x000038c0       0xa8 ./Generated_Code/STM32.o
                0x000038c0                STM32_SendChar
 .text.STM32_Init
                0x00003968       0x44 ./Generated_Code/STM32.o
                0x00003968                STM32_Init
 .text.ASerialLdd2_OnBlockReceived
                0x000039ac       0xc0 ./Generated_Code/STM32.o
                0x000039ac                ASerialLdd2_OnBlockReceived
 .text.ASerialLdd2_OnBlockSent
                0x00003a6c       0x54 ./Generated_Code/STM32.o
                0x00003a6c                ASerialLdd2_OnBlockSent
 .text.ASerialLdd2_OnError
                0x00003ac0       0x94 ./Generated_Code/STM32.o
                0x00003ac0                ASerialLdd2_OnError
 .text.ASerialLdd2_OnBreak
                0x00003b54       0x20 ./Generated_Code/STM32.o
                0x00003b54                ASerialLdd2_OnBreak
 .text.I2CAccel_Interrupt
                0x00003b74      0x278 ./Generated_Code/I2CAccel.o
                0x00003b74                I2CAccel_Interrupt
 .text.I2CAccel_Init
                0x00003dec      0x114 ./Generated_Code/I2CAccel.o
                0x00003dec                I2CAccel_Init
 .text.I2CAccel_MasterSendBlock
                0x00003f00      0x19c ./Generated_Code/I2CAccel.o
                0x00003f00                I2CAccel_MasterSendBlock
 .text.I2CAccel_MasterReceiveBlock
                0x0000409c      0x19c ./Generated_Code/I2CAccel.o
                0x0000409c                I2CAccel_MasterReceiveBlock
 .text.I2CAccel_SelectSlaveDevice
                0x00004238      0x100 ./Generated_Code/I2CAccel.o
                0x00004238                I2CAccel_SelectSlaveDevice
 .text.GI2C2_SelectSlave
                0x00004338       0x38 ./Generated_Code/GI2C2.o
                0x00004338                GI2C2_SelectSlave
 .text.GI2C2_UnselectSlave
                0x00004370        0xc ./Generated_Code/GI2C2.o
                0x00004370                GI2C2_UnselectSlave
 .text.GI2C2_ReadAddress
                0x0000437c       0xd8 ./Generated_Code/GI2C2.o
                0x0000437c                GI2C2_ReadAddress
 .text.GI2C2_WriteAddress
                0x00004454      0x140 ./Generated_Code/GI2C2.o
                0x00004454                GI2C2_WriteAddress
 .text.I2CAccel_OnMasterBlockSent
                0x00004594       0x24 ./Generated_Code/GI2C2.o
                0x00004594                I2CAccel_OnMasterBlockSent
 .text.I2CAccel_OnMasterBlockReceived
                0x000045b8       0x24 ./Generated_Code/GI2C2.o
                0x000045b8                I2CAccel_OnMasterBlockReceived
 .text.GI2C2_Init
                0x000045dc       0x24 ./Generated_Code/GI2C2.o
                0x000045dc                GI2C2_Init
 .text.GI2C2_ReadByteAddress8
                0x00004600       0x34 ./Generated_Code/GI2C2.o
                0x00004600                GI2C2_ReadByteAddress8
 .text.GI2C2_WriteByteAddress8
                0x00004634       0x34 ./Generated_Code/GI2C2.o
                0x00004634                GI2C2_WriteByteAddress8
 .text.GI2C1_SelectSlave
                0x00004668       0x38 ./Generated_Code/GI2C1.o
                0x00004668                GI2C1_SelectSlave
 .text.GI2C1_UnselectSlave
                0x000046a0        0xc ./Generated_Code/GI2C1.o
                0x000046a0                GI2C1_UnselectSlave
 .text.GI2C1_ReadBlock
                0x000046ac       0x6c ./Generated_Code/GI2C1.o
                0x000046ac                GI2C1_ReadBlock
 .text.GI2C1_WriteBlock
                0x00004718       0x6c ./Generated_Code/GI2C1.o
                0x00004718                GI2C1_WriteBlock
 .text.CI2C1_OnMasterBlockSent
                0x00004784       0x24 ./Generated_Code/GI2C1.o
                0x00004784                CI2C1_OnMasterBlockSent
 .text.CI2C1_OnMasterBlockReceived
                0x000047a8       0x24 ./Generated_Code/GI2C1.o
                0x000047a8                CI2C1_OnMasterBlockReceived
 .text.GI2C1_Init
                0x000047cc       0x24 ./Generated_Code/GI2C1.o
                0x000047cc                GI2C1_Init
 .text.GI2C1_ProbeACK
                0x000047f0      0x128 ./Generated_Code/GI2C1.o
                0x000047f0                GI2C1_ProbeACK
 .text.ExtIntLdd1_Init
                0x00004918       0x88 ./Generated_Code/ExtIntLdd1.o
                0x00004918                ExtIntLdd1_Init
 .text.ExtIntLdd1_Enable
                0x000049a0       0x38 ./Generated_Code/ExtIntLdd1.o
                0x000049a0                ExtIntLdd1_Enable
 .text.ExtIntLdd1_Interrupt
                0x000049d8       0x34 ./Generated_Code/ExtIntLdd1.o
                0x000049d8                ExtIntLdd1_Interrupt
 .text.ExtIntLdd1_OnInterrupt
                0x00004a0c       0x14 ./Generated_Code/EInt1.o
                0x00004a0c                ExtIntLdd1_OnInterrupt
 .text.EE241_ReadBlock
                0x00004a20       0xc4 ./Generated_Code/EE241.o
                0x00004a20                EE241_ReadBlock
 .text.EE241_WriteBlockPage
                0x00004ae4      0x2f0 ./Generated_Code/EE241.o
                0x00004ae4                EE241_WriteBlockPage
 .text.EE241_WriteBlock
                0x00004dd4       0xa0 ./Generated_Code/EE241.o
                0x00004dd4                EE241_WriteBlock
 .text.DacLdd1_Init
                0x00004e74       0xa4 ./Generated_Code/DacLdd1.o
                0x00004e74                DacLdd1_Init
 .text.DacLdd1_SetValue
                0x00004f18       0x44 ./Generated_Code/DacLdd1.o
                0x00004f18                DacLdd1_SetValue
 .text.Cpu_INT_NMIInterrupt
                0x00004f5c        0xc ./Generated_Code/Cpu.o
                0x00004f5c                Cpu_INT_NMIInterrupt
 .text.Cpu_Interrupt
                0x00004f68        0xc ./Generated_Code/Cpu.o
                0x00004f68                Cpu_Interrupt
 .text.__init_hardware
                0x00004f74      0x110 ./Generated_Code/Cpu.o
                0x00004f74                __init_hardware
 .text.PE_low_level_init
                0x00005084      0x14c ./Generated_Code/Cpu.o
                0x00005084                PE_low_level_init
 .text.Conversor_HWEnDi
                0x000051d0       0x48 ./Generated_Code/Conversor.o
                0x000051d0                Conversor_HWEnDi
 .text.Conversor_Measure
                0x00005218       0x48 ./Generated_Code/Conversor.o
                0x00005218                Conversor_Measure
 .text.Conversor_GetValue16
                0x00005260       0x34 ./Generated_Code/Conversor.o
                0x00005260                Conversor_GetValue16
 .text.AdcLdd1_OnMeasurementComplete
                0x00005294       0x5c ./Generated_Code/Conversor.o
                0x00005294                AdcLdd1_OnMeasurementComplete
 .text.Conversor_Init
                0x000052f0       0x2c ./Generated_Code/Conversor.o
                0x000052f0                Conversor_Init
 .text.CI2C1_Interrupt
                0x0000531c      0x2fc ./Generated_Code/CI2C1.o
                0x0000531c                CI2C1_Interrupt
 .text.CI2C1_Init
                0x00005618      0x120 ./Generated_Code/CI2C1.o
                0x00005618                CI2C1_Init
 .text.CI2C1_MasterSendBlock
                0x00005738      0x19c ./Generated_Code/CI2C1.o
                0x00005738                CI2C1_MasterSendBlock
 .text.CI2C1_MasterReceiveBlock
                0x000058d4      0x19c ./Generated_Code/CI2C1.o
                0x000058d4                CI2C1_MasterReceiveBlock
 .text.CI2C1_SelectSlaveDevice
                0x00005a70      0x100 ./Generated_Code/CI2C1.o
                0x00005a70                CI2C1_SelectSlaveDevice
 .text.OneBitTimeDelay
                0x00005b70       0x20 ./Generated_Code/CI2C1.o
 .text.HWEnDi   0x00005b90       0x20 ./Generated_Code/Bluetooth.o
 .text.Bluetooth_RecvChar
                0x00005bb0       0xbc ./Generated_Code/Bluetooth.o
                0x00005bb0                Bluetooth_RecvChar
 .text.Bluetooth_SendChar
                0x00005c6c       0xa8 ./Generated_Code/Bluetooth.o
                0x00005c6c                Bluetooth_SendChar
 .text.Bluetooth_Init
                0x00005d14       0x28 ./Generated_Code/Bluetooth.o
                0x00005d14                Bluetooth_Init
 .text.ASerialLdd1_OnBlockReceived
                0x00005d3c       0x6c ./Generated_Code/Bluetooth.o
                0x00005d3c                ASerialLdd1_OnBlockReceived
 .text.ASerialLdd1_OnBlockSent
                0x00005da8       0x54 ./Generated_Code/Bluetooth.o
                0x00005da8                ASerialLdd1_OnBlockSent
 .text.ASerialLdd1_OnError
                0x00005dfc       0x94 ./Generated_Code/Bluetooth.o
                0x00005dfc                ASerialLdd1_OnError
 .text.ASerialLdd1_OnBreak
                0x00005e90       0x20 ./Generated_Code/Bluetooth.o
                0x00005e90                ASerialLdd1_OnBreak
 .text.BitsIoLdd1_Init
                0x00005eb0       0xe0 ./Generated_Code/BitsIoLdd1.o
                0x00005eb0                BitsIoLdd1_Init
 .text.BitsIoLdd1_PutVal
                0x00005f90       0x2c ./Generated_Code/BitsIoLdd1.o
                0x00005f90                BitsIoLdd1_PutVal
 .text.BitIoLdd9_Init
                0x00005fbc       0x60 ./Generated_Code/BitIoLdd9.o
                0x00005fbc                BitIoLdd9_Init
 .text.BitIoLdd9_ClrVal
                0x0000601c       0x18 ./Generated_Code/BitIoLdd9.o
                0x0000601c                BitIoLdd9_ClrVal
 .text.BitIoLdd9_SetVal
                0x00006034       0x18 ./Generated_Code/BitIoLdd9.o
                0x00006034                BitIoLdd9_SetVal
 .text.BitIoLdd8_Init
                0x0000604c       0x60 ./Generated_Code/BitIoLdd8.o
                0x0000604c                BitIoLdd8_Init
 .text.BitIoLdd8_ClrVal
                0x000060ac       0x18 ./Generated_Code/BitIoLdd8.o
                0x000060ac                BitIoLdd8_ClrVal
 .text.BitIoLdd8_SetVal
                0x000060c4       0x18 ./Generated_Code/BitIoLdd8.o
                0x000060c4                BitIoLdd8_SetVal
 .text.BitIoLdd7_Init
                0x000060dc       0x58 ./Generated_Code/BitIoLdd7.o
                0x000060dc                BitIoLdd7_Init
 .text.BitIoLdd7_GetVal
                0x00006134       0x28 ./Generated_Code/BitIoLdd7.o
                0x00006134                BitIoLdd7_GetVal
 .text.BitIoLdd6_Init
                0x0000615c       0x58 ./Generated_Code/BitIoLdd6.o
                0x0000615c                BitIoLdd6_Init
 .text.BitIoLdd6_GetVal
                0x000061b4       0x28 ./Generated_Code/BitIoLdd6.o
                0x000061b4                BitIoLdd6_GetVal
 .text.BitIoLdd5_Init
                0x000061dc       0x58 ./Generated_Code/BitIoLdd5.o
                0x000061dc                BitIoLdd5_Init
 .text.BitIoLdd5_GetVal
                0x00006234       0x28 ./Generated_Code/BitIoLdd5.o
                0x00006234                BitIoLdd5_GetVal
 .text.BitIoLdd4_Init
                0x0000625c       0x58 ./Generated_Code/BitIoLdd4.o
                0x0000625c                BitIoLdd4_Init
 .text.BitIoLdd3_Init
                0x000062b4       0x64 ./Generated_Code/BitIoLdd3.o
                0x000062b4                BitIoLdd3_Init
 .text.BitIoLdd2_Init
                0x00006318       0x68 ./Generated_Code/BitIoLdd2.o
                0x00006318                BitIoLdd2_Init
 .text.BitIoLdd2_ClrVal
                0x00006380       0x1c ./Generated_Code/BitIoLdd2.o
                0x00006380                BitIoLdd2_ClrVal
 .text.BitIoLdd2_SetVal
                0x0000639c       0x1c ./Generated_Code/BitIoLdd2.o
                0x0000639c                BitIoLdd2_SetVal
 .text.BitIoLdd11_Init
                0x000063b8       0x60 ./Generated_Code/BitIoLdd11.o
                0x000063b8                BitIoLdd11_Init
 .text.BitIoLdd11_ClrVal
                0x00006418       0x18 ./Generated_Code/BitIoLdd11.o
                0x00006418                BitIoLdd11_ClrVal
 .text.BitIoLdd11_SetVal
                0x00006430       0x18 ./Generated_Code/BitIoLdd11.o
                0x00006430                BitIoLdd11_SetVal
 .text.BitIoLdd10_Init
                0x00006448       0x60 ./Generated_Code/BitIoLdd10.o
                0x00006448                BitIoLdd10_Init
 .text.BitIoLdd10_ClrVal
                0x000064a8       0x18 ./Generated_Code/BitIoLdd10.o
                0x000064a8                BitIoLdd10_ClrVal
 .text.BitIoLdd10_SetVal
                0x000064c0       0x18 ./Generated_Code/BitIoLdd10.o
                0x000064c0                BitIoLdd10_SetVal
 .text.BitIoLdd1_Init
                0x000064d8       0x68 ./Generated_Code/BitIoLdd1.o
                0x000064d8                BitIoLdd1_Init
 .text.BitIoLdd1_ClrVal
                0x00006540       0x1c ./Generated_Code/BitIoLdd1.o
                0x00006540                BitIoLdd1_ClrVal
 .text.BitIoLdd1_SetVal
                0x0000655c       0x1c ./Generated_Code/BitIoLdd1.o
                0x0000655c                BitIoLdd1_SetVal
 .text.AdcLdd1_Init
                0x00006578       0xbc ./Generated_Code/AdcLdd1.o
                0x00006578                AdcLdd1_Init
 .text.AdcLdd1_StartSingleMeasurement
                0x00006634       0x44 ./Generated_Code/AdcLdd1.o
                0x00006634                AdcLdd1_StartSingleMeasurement
 .text.AdcLdd1_CreateSampleGroup
                0x00006678       0x6c ./Generated_Code/AdcLdd1.o
                0x00006678                AdcLdd1_CreateSampleGroup
 .text.AdcLdd1_GetMeasuredValues
                0x000066e4       0x60 ./Generated_Code/AdcLdd1.o
                0x000066e4                AdcLdd1_GetMeasuredValues
 .text.AdcLdd1_GetCalibrationResultStatus
                0x00006744       0xb8 ./Generated_Code/AdcLdd1.o
                0x00006744                AdcLdd1_GetCalibrationResultStatus
 .text.AdcLdd1_MeasurementCompleteInterrupt
                0x000067fc       0x30 ./Generated_Code/AdcLdd1.o
                0x000067fc                AdcLdd1_MeasurementCompleteInterrupt
 .text.Accelerometer_CalibrateZ1g
                0x0000682c       0xb0 ./Generated_Code/Accelerometer.o
                0x0000682c                Accelerometer_CalibrateZ1g
 .text.Accelerometer_MeasureGetRawX
                0x000068dc       0x40 ./Generated_Code/Accelerometer.o
                0x000068dc                Accelerometer_MeasureGetRawX
 .text.Accelerometer_MeasureGetRawY
                0x0000691c       0x40 ./Generated_Code/Accelerometer.o
                0x0000691c                Accelerometer_MeasureGetRawY
 .text.Accelerometer_MeasureGetRawZ
                0x0000695c       0x40 ./Generated_Code/Accelerometer.o
                0x0000695c                Accelerometer_MeasureGetRawZ
 .text.Accelerometer_GetX
                0x0000699c       0x3c ./Generated_Code/Accelerometer.o
                0x0000699c                Accelerometer_GetX
 .text.Accelerometer_GetY
                0x000069d8       0x3c ./Generated_Code/Accelerometer.o
                0x000069d8                Accelerometer_GetY
 .text.Accelerometer_GetZ
                0x00006a14       0x3c ./Generated_Code/Accelerometer.o
                0x00006a14                Accelerometer_GetZ
 .text.Accelerometer_Enable
                0x00006a50       0x64 ./Generated_Code/Accelerometer.o
                0x00006a50                Accelerometer_Enable
 .text.Accelerometer_Disable
                0x00006ab4       0x64 ./Generated_Code/Accelerometer.o
                0x00006ab4                Accelerometer_Disable
 .text.ASerialLdd2_Init
                0x00006b18      0x1c4 ./Generated_Code/ASerialLdd2.o
                0x00006b18                ASerialLdd2_Init
 .text.ASerialLdd2_ReceiveBlock
                0x00006cdc       0x98 ./Generated_Code/ASerialLdd2.o
                0x00006cdc                ASerialLdd2_ReceiveBlock
 .text.ASerialLdd2_SendBlock
                0x00006d74       0xc4 ./Generated_Code/ASerialLdd2.o
                0x00006d74                ASerialLdd2_SendBlock
 .text.InterruptRx
                0x00006e38       0x58 ./Generated_Code/ASerialLdd2.o
 .text.InterruptTx
                0x00006e90       0x80 ./Generated_Code/ASerialLdd2.o
 .text.ASerialLdd2_Interrupt
                0x00006f10       0xfc ./Generated_Code/ASerialLdd2.o
                0x00006f10                ASerialLdd2_Interrupt
 .text.ASerialLdd2_GetError
                0x0000700c       0x74 ./Generated_Code/ASerialLdd2.o
                0x0000700c                ASerialLdd2_GetError
 .text.ASerialLdd1_Init
                0x00007080      0x170 ./Generated_Code/ASerialLdd1.o
                0x00007080                ASerialLdd1_Init
 .text.ASerialLdd1_ReceiveBlock
                0x000071f0       0x98 ./Generated_Code/ASerialLdd1.o
                0x000071f0                ASerialLdd1_ReceiveBlock
 .text.ASerialLdd1_SendBlock
                0x00007288       0xc4 ./Generated_Code/ASerialLdd1.o
                0x00007288                ASerialLdd1_SendBlock
 .text.InterruptRx
                0x0000734c       0x58 ./Generated_Code/ASerialLdd1.o
 .text.InterruptTx
                0x000073a4       0x80 ./Generated_Code/ASerialLdd1.o
 .text.ASerialLdd1_Interrupt
                0x00007424       0xf4 ./Generated_Code/ASerialLdd1.o
                0x00007424                ASerialLdd1_Interrupt
 .text.ASerialLdd1_GetError
                0x00007518       0x74 ./Generated_Code/ASerialLdd1.o
                0x00007518                ASerialLdd1_GetError
 .text.zero_fill_bss
                0x0000758c       0x24 ./Project_Settings/Startup_Code/__arm_start.o
 .text.__thumb_startup
                0x000075b0       0x30 ./Project_Settings/Startup_Code/__arm_start.o
                0x000075b0                __thumb_startup
 .text._ExitProcess
                0x000075e0        0xc ./Project_Settings/Startup_Code/__arm_end.o
                0x000075e0                _ExitProcess
 *fill*         0x000075ec        0x4 00
 .text.main     0x000075f0      0x7f0 ./Sources/main.o
                0x000075f0                main
 .text.start_EEPROM
                0x00007de0      0x1b8 ./Sources/main.o
                0x00007de0                start_EEPROM
 .text.init_UART_STM32
                0x00007f98       0x1c ./Sources/main.o
                0x00007f98                init_UART_STM32
 .text.get_char_STM32
                0x00007fb4       0x34 ./Sources/main.o
                0x00007fb4                get_char_STM32
 .text.init_Bluetooth
                0x00007fe8       0x20 ./Sources/main.o
                0x00007fe8                init_Bluetooth
 .text.init_UART_Bluetooth
                0x00008008       0x1c ./Sources/main.o
                0x00008008                init_UART_Bluetooth
 .text.init_buttons
                0x00008024       0x5c ./Sources/main.o
                0x00008024                init_buttons
 .text.change_bluetooth_baudrate
                0x00008080      0x130 ./Sources/main.o
                0x00008080                change_bluetooth_baudrate
 .text.change_bluetooth_name
                0x000081b0      0x108 ./Sources/main.o
                0x000081b0                change_bluetooth_name
 .text.send_float_STM32
                0x000082b8       0x4c ./Sources/main.o
                0x000082b8                send_float_STM32
 .text.get_int_STM32
                0x00008304       0x4c ./Sources/main.o
                0x00008304                get_int_STM32
 .text.get_float_STM32
                0x00008350       0x4c ./Sources/main.o
                0x00008350                get_float_STM32
 .text.send_string_STM32
                0x0000839c       0x60 ./Sources/main.o
                0x0000839c                send_string_STM32
 .text.send_string_bluetooth
                0x000083fc       0x60 ./Sources/main.o
                0x000083fc                send_string_bluetooth
 *fill*         0x0000845c        0x4 00
 .text.generate_square_wave
                0x00008460      0x2f8 ./Sources/main.o
                0x00008460                generate_square_wave
 .text.generate_triangular_wave_fast
                0x00008758      0x370 ./Sources/main.o
                0x00008758                generate_triangular_wave_fast
 .text.generate_sinoidal_wave_fast
                0x00008ac8      0x7f0 ./Sources/main.o
                0x00008ac8                generate_sinoidal_wave_fast
 .text.get_keys
                0x000092b8       0x3c ./Sources/main.o
                0x000092b8                get_keys
 .text.check_key_L1
                0x000092f4       0x98 ./Sources/main.o
                0x000092f4                check_key_L1
 .text.check_key_L2
                0x0000938c       0x98 ./Sources/main.o
                0x0000938c                check_key_L2
 .text.check_key_L3
                0x00009424       0x98 ./Sources/main.o
                0x00009424                check_key_L3
 .text.check_key_L4
                0x000094bc       0x98 ./Sources/main.o
                0x000094bc                check_key_L4
 .text.wait_n_interruptions
                0x00009554       0x34 ./Sources/main.o
                0x00009554                wait_n_interruptions
 .text.send_string
                0x00009588       0x40 ./Sources/main.o
                0x00009588                send_string
 .text.init_LCD
                0x000095c8       0x28 ./Sources/main.o
                0x000095c8                init_LCD
 .text.send_cmd
                0x000095f0       0x50 ./Sources/main.o
                0x000095f0                send_cmd
 .text.send_data
                0x00009640       0x4c ./Sources/main.o
                0x00009640                send_data
 .text.read_keys
                0x0000968c       0xd4 ./Sources/main.o
                0x0000968c                read_keys
 .text.getDigitalTension
                0x00009760       0x20 ./Sources/main.o
                0x00009760                getDigitalTension
 .text.getTemperature
                0x00009780       0x5c ./Sources/main.o
                0x00009780                getTemperature
 .text.Cpu_OnNMIINT
                0x000097dc        0x8 ./Sources/Events.o
                0x000097dc                Cpu_OnNMIINT
 .text.timer_OnInterrupt
                0x000097e4       0x40 ./Sources/Events.o
                0x000097e4                timer_OnInterrupt
 .text.Conversor_OnEnd
                0x00009824       0x14 ./Sources/Events.o
                0x00009824                Conversor_OnEnd
 .text.Conversor_OnCalibrationEnd
                0x00009838        0x8 ./Sources/Events.o
                0x00009838                Conversor_OnCalibrationEnd
 .text.EInt1_OnInterrupt
                0x00009840       0x60 ./Sources/Events.o
                0x00009840                EInt1_OnInterrupt
 .text.Bluetooth_OnError
                0x000098a0        0x8 ./Sources/Events.o
                0x000098a0                Bluetooth_OnError
 .text.Bluetooth_OnRxChar
                0x000098a8       0x14 ./Sources/Events.o
                0x000098a8                Bluetooth_OnRxChar
 .text.Bluetooth_OnTxChar
                0x000098bc       0x14 ./Sources/Events.o
                0x000098bc                Bluetooth_OnTxChar
 .text.STM32_OnError
                0x000098d0        0x8 ./Sources/Events.o
                0x000098d0                STM32_OnError
 .text.STM32_OnRxChar
                0x000098d8       0x14 ./Sources/Events.o
                0x000098d8                STM32_OnRxChar
 .text.STM32_OnTxChar
                0x000098ec       0x14 ./Sources/Events.o
                0x000098ec                STM32_OnTxChar
 .text.STM32_OnFullRxBuf
                0x00009900        0x8 ./Sources/Events.o
                0x00009900                STM32_OnFullRxBuf
 .text.sprintf  0x00009908       0x1a C:/Freescale/CW_MCU_v10.6/MCU/ARM_GCC_Support/ewl/lib/armv6-m\libc.a(sprintf.o)
                0x00009908                sprintf
 .text.__StringWrite
                0x00009922       0x26 C:/Freescale/CW_MCU_v10.6/MCU/ARM_GCC_Support/ewl/lib/armv6-m\libc.a(vsnprintf.o)
                0x00009922                __StringWrite
 .text.vsnprintf
                0x00009948       0x38 C:/Freescale/CW_MCU_v10.6/MCU/ARM_GCC_Support/ewl/lib/armv6-m\libc.a(vsnprintf.o)
                0x00009948                vsnprintf
 .text.sbrk     0x00009980       0x2c C:/Freescale/CW_MCU_v10.6/MCU/ARM_GCC_Support/ewl/lib/armv6-m\libc.a(alloc.o)
                0x00009980                sbrk
 .text.malloc   0x000099ac      0x114 C:/Freescale/CW_MCU_v10.6/MCU/ARM_GCC_Support/ewl/lib/armv6-m\libc.a(alloc.o)
                0x000099ac                malloc
 .text.free     0x00009ac0       0x12 C:/Freescale/CW_MCU_v10.6/MCU/ARM_GCC_Support/ewl/lib/armv6-m\libc.a(alloc.o)
                0x00009ac0                free
 *fill*         0x00009ad2        0x2 00
 .text.exit     0x00009ad4       0x38 C:/Freescale/CW_MCU_v10.6/MCU/ARM_GCC_Support/ewl/lib/armv6-m\libc.a(exit.o)
                0x00009ad4                exit
 .text.memcpy   0x00009b0c       0x12 C:/Freescale/CW_MCU_v10.6/MCU/ARM_GCC_Support/ewl/lib/armv6-m\libc.a(memcpy.o)
                0x00009b0c                memcpy
 .text.memset   0x00009b1e        0xc C:/Freescale/CW_MCU_v10.6/MCU/ARM_GCC_Support/ewl/lib/armv6-m\libc.a(memset.o)
                0x00009b1e                memset
 .text.strcat   0x00009b2a       0x1e C:/Freescale/CW_MCU_v10.6/MCU/ARM_GCC_Support/ewl/lib/armv6-m\libc.a(strcat.o)
                0x00009b2a                strcat
 .text.strcmp   0x00009b48       0x1c C:/Freescale/CW_MCU_v10.6/MCU/ARM_GCC_Support/ewl/lib/armv6-m\libc.a(strcmp.o)
                0x00009b48                strcmp
 .text.strlen   0x00009b64       0x10 C:/Freescale/CW_MCU_v10.6/MCU/ARM_GCC_Support/ewl/lib/armv6-m\libc.a(strlen.o)
                0x00009b64                strlen
 .text.long2str.isra.0
                0x00009b74      0x19c C:/Freescale/CW_MCU_v10.6/MCU/ARM_GCC_Support/ewl/lib/armv6-m\libc.a(printformat_.o)
 .text.__pformatter_
                0x00009d10      0x428 C:/Freescale/CW_MCU_v10.6/MCU/ARM_GCC_Support/ewl/lib/armv6-m\libc.a(printformat_.o)
                0x00009d10                __pformatter_
 .text.__sformatter
                0x0000a138      0x698 C:/Freescale/CW_MCU_v10.6/MCU/ARM_GCC_Support/ewl/lib/armv6-m\libc.a(scanformat_.o)
                0x0000a138                __sformatter
 .text.isalpha  0x0000a7d0       0x20 C:/Freescale/CW_MCU_v10.6/MCU/ARM_GCC_Support/ewl/lib/armv6-m\libc.a(ctype_aeabi.o)
                0x0000a7d0                isalpha
 .text.isspace  0x0000a7f0       0x20 C:/Freescale/CW_MCU_v10.6/MCU/ARM_GCC_Support/ewl/lib/armv6-m\libc.a(ctype_aeabi.o)
                0x0000a7f0                isspace
 .text.toupper  0x0000a810        0xe C:/Freescale/CW_MCU_v10.6/MCU/ARM_GCC_Support/ewl/lib/armv6-m\libc.a(ctype_aeabi.o)
                0x0000a810                toupper
 .text.__strtoul
                0x0000a81e      0x1ce C:/Freescale/CW_MCU_v10.6/MCU/ARM_GCC_Support/ewl/lib/armv6-m\libc.a(__strtoul.o)
                0x0000a81e                __strtoul
 .text.__fill_mem
                0x0000a9ec       0x7e C:/Freescale/CW_MCU_v10.6/MCU/ARM_GCC_Support/ewl/lib/armv6-m\libc.a(__filll_mem.o)
                0x0000a9ec                __fill_mem
 .text.memchr   0x0000aa6a       0x1a C:/Freescale/CW_MCU_v10.6/MCU/ARM_GCC_Support/ewl/lib/armv6-m\libc.a(memchr.o)
                0x0000aa6a                memchr
 .text.strchr   0x0000aa84       0x1e C:/Freescale/CW_MCU_v10.6/MCU/ARM_GCC_Support/ewl/lib/armv6-m\libc.a(strchr.o)
                0x0000aa84                strchr
 *fill*         0x0000aaa2        0x6 00
 .text.round    0x0000aaa8       0x88 C:/Freescale/CW_MCU_v10.6/MCU/ARM_GCC_Support/ewl/lib/armv6-m\libm.a(round.o)
                0x0000aaa8                round
 .text.floor    0x0000ab30      0x118 C:/Freescale/CW_MCU_v10.6/MCU/ARM_GCC_Support/ewl/lib/armv6-m\libm.a(s_floor.o)
                0x0000ab30                floor
 .text.modf     0x0000ac48       0xc0 C:/Freescale/CW_MCU_v10.6/MCU/ARM_GCC_Support/ewl/lib/armv6-m\libm.a(s_modf.o)
                0x0000ac48                modf
 .text.__fpclassifyd
                0x0000ad08       0x38 C:/Freescale/CW_MCU_v10.6/MCU/ARM_GCC_Support/ewl/lib/armv6-m\libm.a(math_api.o)
                0x0000ad08                __fpclassifyd
 .text.__init_cpp
                0x0000ad40       0x48 C:/Freescale/CW_MCU_v10.6/MCU/ARM_GCC_Support/ewl/lib/armv6-m\librt.a(gcc_ctor_dtor.o)
                0x0000ad40                __init_cpp
 .text.__fini_cpp
                0x0000ad88       0x34 C:/Freescale/CW_MCU_v10.6/MCU/ARM_GCC_Support/ewl/lib/armv6-m\librt.a(gcc_ctor_dtor.o)
                0x0000ad88                __fini_cpp
 .text.__copy_rom_section
                0x0000adbc       0x48 C:/Freescale/CW_MCU_v10.6/MCU/ARM_GCC_Support/ewl/lib/armv6-m\librt.a(ROMCopy.o)
                0x0000adbc                __copy_rom_section
 .text.__copy_rom_sections_to_ram
                0x0000ae04       0x34 C:/Freescale/CW_MCU_v10.6/MCU/ARM_GCC_Support/ewl/lib/armv6-m\librt.a(ROMCopy.o)
                0x0000ae04                __copy_rom_sections_to_ram
 .text.__destroy_global_chain
                0x0000ae38       0x1c C:/Freescale/CW_MCU_v10.6/MCU/ARM_GCC_Support/ewl/lib/armv6-m\librt.a(__arm_eabi_init.o)
                0x0000ae38                __destroy_global_chain
 .text.__init_registers
                0x0000ae54       0x1c C:/Freescale/CW_MCU_v10.6/MCU/ARM_GCC_Support/ewl/lib/armv6-m\librt.a(__arm_eabi_init.o)
                0x0000ae54                __init_registers
 .text.__init_user
                0x0000ae70        0x4 C:/Freescale/CW_MCU_v10.6/MCU/ARM_GCC_Support/ewl/lib/armv6-m\librt.a(__arm_eabi_init.o)
                0x0000ae70                __init_user
 *(.rodata)
 .rodata        0x0000ae74      0x25c ./Sources/main.o
 .rodata        0x0000b0d0       0x40 c:/freescale/cw_mcu_v10.6/cross_tools/arm-none-eabi-gcc-4_7_3/bin/../lib/gcc/arm-none-eabi/4.7.3/armv6-m\libgcc.a(divsf3.o)
 .rodata        0x0000b110       0x40 c:/freescale/cw_mcu_v10.6/cross_tools/arm-none-eabi-gcc-4_7_3/bin/../lib/gcc/arm-none-eabi/4.7.3/armv6-m\libgcc.a(mulsf3.o)
 .rodata        0x0000b150       0x40 c:/freescale/cw_mcu_v10.6/cross_tools/arm-none-eabi-gcc-4_7_3/bin/../lib/gcc/arm-none-eabi/4.7.3/armv6-m\libgcc.a(divdf3.o)
 .rodata        0x0000b190       0x40 c:/freescale/cw_mcu_v10.6/cross_tools/arm-none-eabi-gcc-4_7_3/bin/../lib/gcc/arm-none-eabi/4.7.3/armv6-m\libgcc.a(muldf3.o)
 *(.rodata*)
 .rodata.ChannelToPin
                0x0000b1d0        0x4 ./Generated_Code/AdcLdd1.o
 .rodata.addr.5796
                0x0000b1d4        0x1 ./Generated_Code/Accelerometer.o
 .rodata.addr.5788
                0x0000b1d5        0x1 ./Generated_Code/Accelerometer.o
 .rodata.addr.5780
                0x0000b1d6        0x1 ./Generated_Code/Accelerometer.o
 *fill*         0x0000b1d7        0x1 00
 .rodata.buttons_map
                0x0000b1d8        0xc ./Sources/main.o
                0x0000b1d8                buttons_map
 .rodata.main   0x0000b1e4      0x1c4 ./Sources/main.o
 .rodata.str1.1
                0x0000b3a8        0x1 C:/Freescale/CW_MCU_v10.6/MCU/ARM_GCC_Support/ewl/lib/armv6-m\libc.a(printformat_.o)
 .rodata.CSWTCH.20
                0x0000b3a9        0x5 C:/Freescale/CW_MCU_v10.6/MCU/ARM_GCC_Support/ewl/lib/armv6-m\libc.a(printformat_.o)
 .rodata.CSWTCH.21
                0x0000b3ae        0x5 C:/Freescale/CW_MCU_v10.6/MCU/ARM_GCC_Support/ewl/lib/armv6-m\libc.a(printformat_.o)
 .rodata.__aeabi_ctype_table_C
                0x0000b3b3      0x101 C:/Freescale/CW_MCU_v10.6/MCU/ARM_GCC_Support/ewl/lib/armv6-m\libc.a(ctype_aeabi.o)
                0x0000b3b3                __aeabi_ctype_table_C
 *(.glue_7)
 .glue_7        0x00000000        0x0 linker stubs
 *(.glue_7t)
 .glue_7t       0x00000000        0x0 linker stubs
 *(.eh_frame)
 *(.init)
 *(.fini)
                0x0000b4b4                . = ALIGN (0x4)
                0x0000b4b4                _etext = .

.vfp11_veneer   0x0000b4b4        0x0
 .vfp11_veneer  0x00000000        0x0 linker stubs

.v4_bx          0x0000b4b4        0x0
 .v4_bx         0x00000000        0x0 linker stubs

.iplt           0x0000b4b4        0x0
 .iplt          0x00000000        0x0 ./Generated_Code/timer.o

.rel.dyn        0x0000b4b4        0x0
 .rel.iplt      0x00000000        0x0 ./Generated_Code/timer.o

.ARM.extab
 *(.ARM.extab* .gnu.linkonce.armextab.*)

.ARM            0x0000b4b4        0x0
                0x0000b4b4                __exidx_start = .
 *(.ARM.exidx*)
                0x0000b4b4                __exidx_end = .

.ctors          0x0000b4b4        0x0
                0x0000b4b4                __CTOR_LIST__ = .
 *crtbegin.o(.ctors)
 *(EXCLUDE_FILE(*crtend.o) .ctors)
 *(SORT(.ctors.*))
 *(.ctors)
                0x0000b4b4                __CTOR_END__ = .

.dtors          0x0000b4b4        0x0
                0x0000b4b4                __DTOR_LIST__ = .
 *crtbegin.o(.dtors)
 *(EXCLUDE_FILE(*crtend.o) .dtors)
 *(SORT(.dtors.*))
 *(.dtors)
                0x0000b4b4                __DTOR_END__ = .

.preinit_array  0x0000b4b4        0x0
                0x0000b4b4                PROVIDE (__preinit_array_start, .)
 *(.preinit_array*)
                0x0000b4b4                PROVIDE (__preinit_array_end, .)

.init_array     0x0000b4b4        0x0
                0x0000b4b4                PROVIDE (__init_array_start, .)
 *(SORT(.init_array.*))
 *(.init_array*)
                0x0000b4b4                PROVIDE (__init_array_end, .)

.fini_array     0x0000b4b4        0x0
                0x0000b4b4                PROVIDE (__fini_array_start, .)
 *(SORT(.fini_array.*))
 *(.fini_array*)
                0x0000b4b4                PROVIDE (__fini_array_end, .)
                0x0000b4b4                ___ROM_AT = .

.mtb            0x1ffff000        0x0
                0x1ffff000                . = ALIGN (0x8)
                0x1ffff000                _mtb_start = .
 *(.mtb_buf)
                0x1ffff000                . = ALIGN (0x8)
                0x1ffff000                _mtb_end = .

.data           0x1ffff000        0x4 load address 0x0000b4b4
                0x1ffff000                . = ALIGN (0x4)
                0x1ffff000                _sdata = .
 *(.data)
 *(.data*)
 .data.tail     0x1ffff000        0x4 C:/Freescale/CW_MCU_v10.6/MCU/ARM_GCC_Support/ewl/lib/armv6-m\libc.a(alloc.o)
                0x1ffff004                . = ALIGN (0x4)
                0x1ffff004                _edata = .
                0x00000004                ___data_size = (_edata - _sdata)

.igot.plt       0x1ffff004        0x0 load address 0x0000b4b8
 .igot.plt      0x00000000        0x0 ./Generated_Code/timer.o
                0x1ffff004                . = ALIGN (0x4)

.bss            0x1ffff004      0x20c load address 0x0000b4b8
                0x1ffff004                __START_BSS = .
                0x1ffff004                PROVIDE (__bss_start__, __START_BSS)
 *(.bss)
 *(.bss*)
 .bss.DeviceDataPrv__DEFAULT_RTOS_ALLOC
                0x1ffff004        0xc ./Generated_Code/TimerIntLdd1.o
 .bss.DeviceDataPrv__DEFAULT_RTOS_ALLOC
                0x1ffff010       0x10 ./Generated_Code/TU1.o
 .bss.INT_TPM0__DEFAULT_RTOS_ISRPARAM
                0x1ffff020        0x4 ./Generated_Code/TU1.o
 .bss.SerFlag   0x1ffff024        0x2 ./Generated_Code/STM32.o
 .bss.STM32_InpLen
                0x1ffff026        0x2 ./Generated_Code/STM32.o
 .bss.InpIndexR
                0x1ffff028        0x2 ./Generated_Code/STM32.o
 .bss.InpIndexW
                0x1ffff02a        0x2 ./Generated_Code/STM32.o
 .bss.InpBuffer
                0x1ffff02c        0x4 ./Generated_Code/STM32.o
 .bss.BufferRead
                0x1ffff030        0x1 ./Generated_Code/STM32.o
 .bss.OutBuffer
                0x1ffff031        0x1 ./Generated_Code/STM32.o
 *fill*         0x1ffff032        0x2 00
 .bss.PE_LDD_DeviceDataList
                0x1ffff034       0x54 ./Generated_Code/PE_LDD.o
                0x1ffff034                PE_LDD_DeviceDataList
 .bss.DeviceDataPrv__DEFAULT_RTOS_ALLOC
                0x1ffff088       0x18 ./Generated_Code/I2CAccel.o
 .bss.INT_I2C0__DEFAULT_RTOS_ISRPARAM
                0x1ffff0a0        0x4 ./Generated_Code/I2CAccel.o
 .bss.GI2C2_deviceData
                0x1ffff0a4        0x8 ./Generated_Code/GI2C2.o
 .bss.writeBuf.5706
                0x1ffff0ac       0x10 ./Generated_Code/GI2C2.o
 .bss.GI2C1_deviceData
                0x1ffff0bc        0x8 ./Generated_Code/GI2C1.o
 .bss.DeviceDataPrv__DEFAULT_RTOS_ALLOC
                0x1ffff0c4        0x4 ./Generated_Code/ExtIntLdd1.o
 .bss.INT_PORTA__DEFAULT_RTOS_ISRPARAM
                0x1ffff0c8        0x4 ./Generated_Code/ExtIntLdd1.o
 .bss.DeviceDataPtr__DEFAULT_RTOS_ALLOC
                0x1ffff0cc        0x8 ./Generated_Code/DacLdd1.o
 .bss.SR_lock   0x1ffff0d4        0x1 ./Generated_Code/Cpu.o
                0x1ffff0d4                SR_lock
 .bss.ModeFlg   0x1ffff0d5        0x1 ./Generated_Code/Conversor.o
 *fill*         0x1ffff0d6        0x2 00
 .bss.SampleGroup
                0x1ffff0d8        0x4 ./Generated_Code/Conversor.o
 .bss.OutFlg    0x1ffff0dc        0x1 ./Generated_Code/Conversor.o
 *fill*         0x1ffff0dd        0x3 00
 .bss.DeviceDataPrv__DEFAULT_RTOS_ALLOC
                0x1ffff0e0       0x18 ./Generated_Code/CI2C1.o
 .bss.INT_I2C1__DEFAULT_RTOS_ISRPARAM
                0x1ffff0f8        0x4 ./Generated_Code/CI2C1.o
 .bss.SerFlag   0x1ffff0fc        0x2 ./Generated_Code/Bluetooth.o
 .bss.BufferRead
                0x1ffff0fe        0x1 ./Generated_Code/Bluetooth.o
 .bss.OutBuffer
                0x1ffff0ff        0x1 ./Generated_Code/Bluetooth.o
 .bss.DeviceDataPrv__DEFAULT_RTOS_ALLOC
                0x1ffff100        0x4 ./Generated_Code/BitsIoLdd1.o
 .bss.DeviceDataPrv__DEFAULT_RTOS_ALLOC
                0x1ffff104        0x4 ./Generated_Code/BitIoLdd9.o
 .bss.DeviceDataPrv__DEFAULT_RTOS_ALLOC
                0x1ffff108        0x4 ./Generated_Code/BitIoLdd8.o
 .bss.DeviceDataPrv__DEFAULT_RTOS_ALLOC
                0x1ffff10c        0x4 ./Generated_Code/BitIoLdd7.o
 .bss.DeviceDataPrv__DEFAULT_RTOS_ALLOC
                0x1ffff110        0x4 ./Generated_Code/BitIoLdd6.o
 .bss.DeviceDataPrv__DEFAULT_RTOS_ALLOC
                0x1ffff114        0x4 ./Generated_Code/BitIoLdd5.o
 .bss.DeviceDataPrv__DEFAULT_RTOS_ALLOC
                0x1ffff118        0x4 ./Generated_Code/BitIoLdd4.o
 .bss.DeviceDataPrv__DEFAULT_RTOS_ALLOC
                0x1ffff11c        0x4 ./Generated_Code/BitIoLdd3.o
 .bss.DeviceDataPrv__DEFAULT_RTOS_ALLOC
                0x1ffff120        0x4 ./Generated_Code/BitIoLdd2.o
 .bss.DeviceDataPrv__DEFAULT_RTOS_ALLOC
                0x1ffff124        0x4 ./Generated_Code/BitIoLdd11.o
 .bss.DeviceDataPrv__DEFAULT_RTOS_ALLOC
                0x1ffff128        0x4 ./Generated_Code/BitIoLdd10.o
 .bss.DeviceDataPrv__DEFAULT_RTOS_ALLOC
                0x1ffff12c        0x4 ./Generated_Code/BitIoLdd1.o
 .bss.DeviceDataPrv__DEFAULT_RTOS_ALLOC
                0x1ffff130        0x8 ./Generated_Code/AdcLdd1.o
 .bss.INT_ADC0__DEFAULT_RTOS_ISRPARAM
                0x1ffff138        0x4 ./Generated_Code/AdcLdd1.o
 .bss.sCalValues
                0x1ffff13c        0x8 ./Generated_Code/Accelerometer.o
 .bss.DeviceDataPrv__DEFAULT_RTOS_ALLOC
                0x1ffff144       0x20 ./Generated_Code/ASerialLdd2.o
 .bss.INT_UART0__DEFAULT_RTOS_ISRPARAM
                0x1ffff164        0x4 ./Generated_Code/ASerialLdd2.o
 .bss.DeviceDataPrv__DEFAULT_RTOS_ALLOC
                0x1ffff168       0x20 ./Generated_Code/ASerialLdd1.o
 .bss.INT_UART1__DEFAULT_RTOS_ISRPARAM
                0x1ffff188        0x4 ./Generated_Code/ASerialLdd1.o
 .bss.argv      0x1ffff18c        0x4 ./Project_Settings/Startup_Code/__arm_start.o
 .bss.last_tick.6176
                0x1ffff190        0x4 ./Sources/Events.o
 .bss.head      0x1ffff194        0x4 C:/Freescale/CW_MCU_v10.6/MCU/ARM_GCC_Support/ewl/lib/armv6-m\libc.a(alloc.o)
 .bss.heap_end.4347
                0x1ffff198        0x4 C:/Freescale/CW_MCU_v10.6/MCU/ARM_GCC_Support/ewl/lib/armv6-m\libc.a(alloc.o)
 .bss.__stdio_exit
                0x1ffff19c        0x4 C:/Freescale/CW_MCU_v10.6/MCU/ARM_GCC_Support/ewl/lib/armv6-m\libc.a(exit.o)
                0x1ffff19c                __stdio_exit
 .bss.__console_exit
                0x1ffff1a0        0x4 C:/Freescale/CW_MCU_v10.6/MCU/ARM_GCC_Support/ewl/lib/armv6-m\libc.a(exit.o)
                0x1ffff1a0                __console_exit
 .bss.__S_romp  0x1ffff1a4        0xc C:/Freescale/CW_MCU_v10.6/MCU/ARM_GCC_Support/ewl/lib/armv6-m\librt.a(ROMCopy.o)
 .bss.__global_destructor_chain
                0x1ffff1b0        0x4 C:/Freescale/CW_MCU_v10.6/MCU/ARM_GCC_Support/ewl/lib/armv6-m\librt.a(__arm_eabi_init.o)
                0x1ffff1b0                __global_destructor_chain
 *(COMMON)
 COMMON         0x1ffff1b4       0x34 ./Generated_Code/timer.o
                0x1ffff1b4                isReady
                0x1ffff1b8                autorizacao
                0x1ffff1bc                isReadyToSend
                0x1ffff1c0                hasReceivedChar
                0x1ffff1c4                buttons
                0x1ffff1d4                wait_interval
                0x1ffff1d8                SendFlagDiscovery
                0x1ffff1dc                hasReceivedCharFromSTM32
                0x1ffff1e0                tick_counter
                0x1ffff1e4                isReadyToSendToSTM32
 COMMON         0x1ffff1e8        0x4 ./Generated_Code/STM32.o
                0x1ffff1e8                ASerialLdd2_DeviceDataPtr
 COMMON         0x1ffff1ec        0x1 ./Generated_Code/Cpu.o
                0x1ffff1ec                SR_reg
 *fill*         0x1ffff1ed        0x3 00
 COMMON         0x1ffff1f0        0x8 ./Generated_Code/Conversor.o
                0x1ffff1f0                Conversor_OutV
                0x1ffff1f4                AdcLdd1_DeviceDataPtr
 COMMON         0x1ffff1f8        0x4 ./Generated_Code/Bluetooth.o
                0x1ffff1f8                ASerialLdd1_DeviceDataPtr
 COMMON         0x1ffff1fc       0x12 ./Sources/main.o
                0x1ffff1fc                sum
                0x1ffff200                waiting
                0x1ffff204                max
                0x1ffff208                min
                0x1ffff20c                count
                0x1ffff210                . = ALIGN (0x4)
 *fill*         0x1ffff20e        0x2 00
                0x1ffff210                __END_BSS = .
                0x1ffff210                PROVIDE (__bss_end__, __END_BSS)
                0x0000b4b8                _romp_at = (___ROM_AT + SIZEOF (.data))

.romp           0x1ffff210       0x18 load address 0x0000b4b8
                0x0000b4b8                __S_romp = _romp_at
                0x1ffff210        0x4 LONG 0xb4b4 ___ROM_AT
                0x1ffff214        0x4 LONG 0x1ffff000 _sdata
                0x1ffff218        0x4 LONG 0x4 ___data_size
                0x1ffff21c        0x4 LONG 0x0
                0x1ffff220        0x4 LONG 0x0
                0x1ffff224        0x4 LONG 0x0

._user_heap_stack
                0x1ffff228      0x400 load address 0x0000b4d0
                0x1ffff228                . = ALIGN (0x4)
                0x1ffff228                PROVIDE (end, .)
                0x1ffff228                PROVIDE (_end, .)
                0x1ffff228                __heap_addr = .
                0x1ffff228                . = (. + __heap_size)
                0x1ffff628                . = (. + __stack_size)
 *fill*         0x1ffff228      0x400 00
                0x1ffff628                . = ALIGN (0x4)

.ARM.attributes
                0x00000000       0x31
 *(.ARM.attributes)
 .ARM.attributes
                0x00000000       0x31 ./Generated_Code/timer.o
 .ARM.attributes
                0x00000031       0x31 ./Generated_Code/WAIT3.o
 .ARM.attributes
                0x00000062       0x31 ./Generated_Code/WAIT1.o
 .ARM.attributes
                0x00000093       0x31 ./Generated_Code/Vectors.o
 .ARM.attributes
                0x000000c4       0x31 ./Generated_Code/TimerIntLdd1.o
 .ARM.attributes
                0x000000f5       0x31 ./Generated_Code/TU1.o
 .ARM.attributes
                0x00000126       0x31 ./Generated_Code/STM32.o
 .ARM.attributes
                0x00000157       0x31 ./Generated_Code/PE_LDD.o
 .ARM.attributes
                0x00000188       0x31 ./Generated_Code/I2CAccel.o
 .ARM.attributes
                0x000001b9       0x31 ./Generated_Code/GI2C2.o
 .ARM.attributes
                0x000001ea       0x31 ./Generated_Code/GI2C1.o
 .ARM.attributes
                0x0000021b       0x31 ./Generated_Code/ExtIntLdd1.o
 .ARM.attributes
                0x0000024c       0x31 ./Generated_Code/EInt1.o
 .ARM.attributes
                0x0000027d       0x31 ./Generated_Code/EE241.o
 .ARM.attributes
                0x000002ae       0x31 ./Generated_Code/DacLdd1.o
 .ARM.attributes
                0x000002df       0x31 ./Generated_Code/Cpu.o
 .ARM.attributes
                0x00000310       0x31 ./Generated_Code/Conversor.o
 .ARM.attributes
                0x00000341       0x31 ./Generated_Code/CI2C1.o
 .ARM.attributes
                0x00000372       0x31 ./Generated_Code/Bluetooth.o
 .ARM.attributes
                0x000003a3       0x31 ./Generated_Code/BitsIoLdd1.o
 .ARM.attributes
                0x000003d4       0x31 ./Generated_Code/BitIoLdd9.o
 .ARM.attributes
                0x00000405       0x31 ./Generated_Code/BitIoLdd8.o
 .ARM.attributes
                0x00000436       0x31 ./Generated_Code/BitIoLdd7.o
 .ARM.attributes
                0x00000467       0x31 ./Generated_Code/BitIoLdd6.o
 .ARM.attributes
                0x00000498       0x31 ./Generated_Code/BitIoLdd5.o
 .ARM.attributes
                0x000004c9       0x31 ./Generated_Code/BitIoLdd4.o
 .ARM.attributes
                0x000004fa       0x31 ./Generated_Code/BitIoLdd3.o
 .ARM.attributes
                0x0000052b       0x31 ./Generated_Code/BitIoLdd2.o
 .ARM.attributes
                0x0000055c       0x31 ./Generated_Code/BitIoLdd11.o
 .ARM.attributes
                0x0000058d       0x31 ./Generated_Code/BitIoLdd10.o
 .ARM.attributes
                0x000005be       0x31 ./Generated_Code/BitIoLdd1.o
 .ARM.attributes
                0x000005ef       0x31 ./Generated_Code/AdcLdd1.o
 .ARM.attributes
                0x00000620       0x31 ./Generated_Code/Accelerometer.o
 .ARM.attributes
                0x00000651       0x31 ./Generated_Code/ASerialLdd2.o
 .ARM.attributes
                0x00000682       0x31 ./Generated_Code/ASerialLdd1.o
 .ARM.attributes
                0x000006b3       0x31 ./Project_Settings/Startup_Code/__arm_start.o
 .ARM.attributes
                0x000006e4       0x31 ./Project_Settings/Startup_Code/__arm_end.o
 .ARM.attributes
                0x00000715       0x31 ./Sources/main.o
 .ARM.attributes
                0x00000746       0x31 ./Sources/Events.o
 .ARM.attributes
                0x00000777       0x31 C:/Freescale/CW_MCU_v10.6/MCU/ARM_GCC_Support/ewl/lib/armv6-m\libc.a(sprintf.o)
 .ARM.attributes
                0x000007a8       0x31 C:/Freescale/CW_MCU_v10.6/MCU/ARM_GCC_Support/ewl/lib/armv6-m\libc.a(vsnprintf.o)
 .ARM.attributes
                0x000007d9       0x31 C:/Freescale/CW_MCU_v10.6/MCU/ARM_GCC_Support/ewl/lib/armv6-m\libc.a(alloc.o)
 .ARM.attributes
                0x0000080a       0x31 C:/Freescale/CW_MCU_v10.6/MCU/ARM_GCC_Support/ewl/lib/armv6-m\libc.a(exit.o)
 .ARM.attributes
                0x0000083b       0x31 C:/Freescale/CW_MCU_v10.6/MCU/ARM_GCC_Support/ewl/lib/armv6-m\libc.a(memcpy.o)
 .ARM.attributes
                0x0000086c       0x31 C:/Freescale/CW_MCU_v10.6/MCU/ARM_GCC_Support/ewl/lib/armv6-m\libc.a(memset.o)
 .ARM.attributes
                0x0000089d       0x31 C:/Freescale/CW_MCU_v10.6/MCU/ARM_GCC_Support/ewl/lib/armv6-m\libc.a(strcat.o)
 .ARM.attributes
                0x000008ce       0x31 C:/Freescale/CW_MCU_v10.6/MCU/ARM_GCC_Support/ewl/lib/armv6-m\libc.a(strcmp.o)
 .ARM.attributes
                0x000008ff       0x31 C:/Freescale/CW_MCU_v10.6/MCU/ARM_GCC_Support/ewl/lib/armv6-m\libc.a(strlen.o)
 .ARM.attributes
                0x00000930       0x31 C:/Freescale/CW_MCU_v10.6/MCU/ARM_GCC_Support/ewl/lib/armv6-m\libc.a(printformat_.o)
 .ARM.attributes
                0x00000961       0x31 C:/Freescale/CW_MCU_v10.6/MCU/ARM_GCC_Support/ewl/lib/armv6-m\libc.a(scanformat_.o)
 .ARM.attributes
                0x00000992       0x31 C:/Freescale/CW_MCU_v10.6/MCU/ARM_GCC_Support/ewl/lib/armv6-m\libc.a(ctype_aeabi.o)
 .ARM.attributes
                0x000009c3       0x31 C:/Freescale/CW_MCU_v10.6/MCU/ARM_GCC_Support/ewl/lib/armv6-m\libc.a(__strtoul.o)
 .ARM.attributes
                0x000009f4       0x31 C:/Freescale/CW_MCU_v10.6/MCU/ARM_GCC_Support/ewl/lib/armv6-m\libc.a(__filll_mem.o)
 .ARM.attributes
                0x00000a25       0x31 C:/Freescale/CW_MCU_v10.6/MCU/ARM_GCC_Support/ewl/lib/armv6-m\libc.a(memchr.o)
 .ARM.attributes
                0x00000a56       0x31 C:/Freescale/CW_MCU_v10.6/MCU/ARM_GCC_Support/ewl/lib/armv6-m\libc.a(strchr.o)
 .ARM.attributes
                0x00000a87       0x31 C:/Freescale/CW_MCU_v10.6/MCU/ARM_GCC_Support/ewl/lib/armv6-m\libm.a(round.o)
 .ARM.attributes
                0x00000ab8       0x31 C:/Freescale/CW_MCU_v10.6/MCU/ARM_GCC_Support/ewl/lib/armv6-m\libm.a(s_floor.o)
 .ARM.attributes
                0x00000ae9       0x31 C:/Freescale/CW_MCU_v10.6/MCU/ARM_GCC_Support/ewl/lib/armv6-m\libm.a(s_modf.o)
 .ARM.attributes
                0x00000b1a       0x31 C:/Freescale/CW_MCU_v10.6/MCU/ARM_GCC_Support/ewl/lib/armv6-m\libm.a(math_api.o)
 .ARM.attributes
                0x00000b4b       0x1e c:/freescale/cw_mcu_v10.6/cross_tools/arm-none-eabi-gcc-4_7_3/bin/../lib/gcc/arm-none-eabi/4.7.3/armv6-m\libgcc.a(_thumb1_case_sqi.o)
 .ARM.attributes
                0x00000b69       0x1e c:/freescale/cw_mcu_v10.6/cross_tools/arm-none-eabi-gcc-4_7_3/bin/../lib/gcc/arm-none-eabi/4.7.3/armv6-m\libgcc.a(_thumb1_case_uqi.o)
 .ARM.attributes
                0x00000b87       0x1e c:/freescale/cw_mcu_v10.6/cross_tools/arm-none-eabi-gcc-4_7_3/bin/../lib/gcc/arm-none-eabi/4.7.3/armv6-m\libgcc.a(_udivsi3.o)
 .ARM.attributes
                0x00000ba5       0x1e c:/freescale/cw_mcu_v10.6/cross_tools/arm-none-eabi-gcc-4_7_3/bin/../lib/gcc/arm-none-eabi/4.7.3/armv6-m\libgcc.a(_divsi3.o)
 .ARM.attributes
                0x00000bc3       0x1e c:/freescale/cw_mcu_v10.6/cross_tools/arm-none-eabi-gcc-4_7_3/bin/../lib/gcc/arm-none-eabi/4.7.3/armv6-m\libgcc.a(_dvmd_tls.o)
 .ARM.attributes
                0x00000be1       0x1e c:/freescale/cw_mcu_v10.6/cross_tools/arm-none-eabi-gcc-4_7_3/bin/../lib/gcc/arm-none-eabi/4.7.3/armv6-m\libgcc.a(_arm_cmpdf2.o)
 .ARM.attributes
                0x00000bff       0x1e c:/freescale/cw_mcu_v10.6/cross_tools/arm-none-eabi-gcc-4_7_3/bin/../lib/gcc/arm-none-eabi/4.7.3/armv6-m\libgcc.a(_arm_cmpsf2.o)
 .ARM.attributes
                0x00000c1d       0x2c c:/freescale/cw_mcu_v10.6/cross_tools/arm-none-eabi-gcc-4_7_3/bin/../lib/gcc/arm-none-eabi/4.7.3/armv6-m\libgcc.a(addsf3.o)
 .ARM.attributes
                0x00000c49       0x2c c:/freescale/cw_mcu_v10.6/cross_tools/arm-none-eabi-gcc-4_7_3/bin/../lib/gcc/arm-none-eabi/4.7.3/armv6-m\libgcc.a(divsf3.o)
 .ARM.attributes
                0x00000c75       0x2c c:/freescale/cw_mcu_v10.6/cross_tools/arm-none-eabi-gcc-4_7_3/bin/../lib/gcc/arm-none-eabi/4.7.3/armv6-m\libgcc.a(eqsf2.o)
 .ARM.attributes
                0x00000ca1       0x2c c:/freescale/cw_mcu_v10.6/cross_tools/arm-none-eabi-gcc-4_7_3/bin/../lib/gcc/arm-none-eabi/4.7.3/armv6-m\libgcc.a(gesf2.o)
 .ARM.attributes
                0x00000ccd       0x2c c:/freescale/cw_mcu_v10.6/cross_tools/arm-none-eabi-gcc-4_7_3/bin/../lib/gcc/arm-none-eabi/4.7.3/armv6-m\libgcc.a(lesf2.o)
 .ARM.attributes
                0x00000cf9       0x2c c:/freescale/cw_mcu_v10.6/cross_tools/arm-none-eabi-gcc-4_7_3/bin/../lib/gcc/arm-none-eabi/4.7.3/armv6-m\libgcc.a(mulsf3.o)
 .ARM.attributes
                0x00000d25       0x2c c:/freescale/cw_mcu_v10.6/cross_tools/arm-none-eabi-gcc-4_7_3/bin/../lib/gcc/arm-none-eabi/4.7.3/armv6-m\libgcc.a(subsf3.o)
 .ARM.attributes
                0x00000d51       0x2c c:/freescale/cw_mcu_v10.6/cross_tools/arm-none-eabi-gcc-4_7_3/bin/../lib/gcc/arm-none-eabi/4.7.3/armv6-m\libgcc.a(fixsfsi.o)
 .ARM.attributes
                0x00000d7d       0x2c c:/freescale/cw_mcu_v10.6/cross_tools/arm-none-eabi-gcc-4_7_3/bin/../lib/gcc/arm-none-eabi/4.7.3/armv6-m\libgcc.a(floatsisf.o)
 .ARM.attributes
                0x00000da9       0x2c c:/freescale/cw_mcu_v10.6/cross_tools/arm-none-eabi-gcc-4_7_3/bin/../lib/gcc/arm-none-eabi/4.7.3/armv6-m\libgcc.a(floatunsisf.o)
 .ARM.attributes
                0x00000dd5       0x2c c:/freescale/cw_mcu_v10.6/cross_tools/arm-none-eabi-gcc-4_7_3/bin/../lib/gcc/arm-none-eabi/4.7.3/armv6-m\libgcc.a(adddf3.o)
 .ARM.attributes
                0x00000e01       0x2c c:/freescale/cw_mcu_v10.6/cross_tools/arm-none-eabi-gcc-4_7_3/bin/../lib/gcc/arm-none-eabi/4.7.3/armv6-m\libgcc.a(divdf3.o)
 .ARM.attributes
                0x00000e2d       0x2c c:/freescale/cw_mcu_v10.6/cross_tools/arm-none-eabi-gcc-4_7_3/bin/../lib/gcc/arm-none-eabi/4.7.3/armv6-m\libgcc.a(eqdf2.o)
 .ARM.attributes
                0x00000e59       0x2c c:/freescale/cw_mcu_v10.6/cross_tools/arm-none-eabi-gcc-4_7_3/bin/../lib/gcc/arm-none-eabi/4.7.3/armv6-m\libgcc.a(gedf2.o)
 .ARM.attributes
                0x00000e85       0x2c c:/freescale/cw_mcu_v10.6/cross_tools/arm-none-eabi-gcc-4_7_3/bin/../lib/gcc/arm-none-eabi/4.7.3/armv6-m\libgcc.a(ledf2.o)
 .ARM.attributes
                0x00000eb1       0x2c c:/freescale/cw_mcu_v10.6/cross_tools/arm-none-eabi-gcc-4_7_3/bin/../lib/gcc/arm-none-eabi/4.7.3/armv6-m\libgcc.a(muldf3.o)
 .ARM.attributes
                0x00000edd       0x2c c:/freescale/cw_mcu_v10.6/cross_tools/arm-none-eabi-gcc-4_7_3/bin/../lib/gcc/arm-none-eabi/4.7.3/armv6-m\libgcc.a(subdf3.o)
 .ARM.attributes
                0x00000f09       0x2c c:/freescale/cw_mcu_v10.6/cross_tools/arm-none-eabi-gcc-4_7_3/bin/../lib/gcc/arm-none-eabi/4.7.3/armv6-m\libgcc.a(fixdfsi.o)
 .ARM.attributes
                0x00000f35       0x2c c:/freescale/cw_mcu_v10.6/cross_tools/arm-none-eabi-gcc-4_7_3/bin/../lib/gcc/arm-none-eabi/4.7.3/armv6-m\libgcc.a(floatsidf.o)
 .ARM.attributes
                0x00000f61       0x2c c:/freescale/cw_mcu_v10.6/cross_tools/arm-none-eabi-gcc-4_7_3/bin/../lib/gcc/arm-none-eabi/4.7.3/armv6-m\libgcc.a(floatunsidf.o)
 .ARM.attributes
                0x00000f8d       0x2c c:/freescale/cw_mcu_v10.6/cross_tools/arm-none-eabi-gcc-4_7_3/bin/../lib/gcc/arm-none-eabi/4.7.3/armv6-m\libgcc.a(extendsfdf2.o)
 .ARM.attributes
                0x00000fb9       0x2c c:/freescale/cw_mcu_v10.6/cross_tools/arm-none-eabi-gcc-4_7_3/bin/../lib/gcc/arm-none-eabi/4.7.3/armv6-m\libgcc.a(truncdfsf2.o)
 .ARM.attributes
                0x00000fe5       0x1e c:/freescale/cw_mcu_v10.6/cross_tools/arm-none-eabi-gcc-4_7_3/bin/../lib/gcc/arm-none-eabi/4.7.3/armv6-m\libgcc.a(_clzsi2.o)
 .ARM.attributes
                0x00001003       0x31 C:/Freescale/CW_MCU_v10.6/MCU/ARM_GCC_Support/ewl/lib/armv6-m\librt.a(gcc_ctor_dtor.o)
 .ARM.attributes
                0x00001034       0x31 C:/Freescale/CW_MCU_v10.6/MCU/ARM_GCC_Support/ewl/lib/armv6-m\librt.a(ROMCopy.o)
 .ARM.attributes
                0x00001065       0x31 C:/Freescale/CW_MCU_v10.6/MCU/ARM_GCC_Support/ewl/lib/armv6-m\librt.a(__arm_eabi_init.o)
OUTPUT(ea076-exp2.elf elf32-littlearm)

.debug_info     0x00000000     0xdd0a
 .debug_info    0x00000000      0x17e ./Generated_Code/timer.o
 .debug_info    0x0000017e      0x135 ./Generated_Code/WAIT3.o
 .debug_info    0x000002b3      0x135 ./Generated_Code/WAIT1.o
 .debug_info    0x000003e8      0x1d7 ./Generated_Code/Vectors.o
 .debug_info    0x000005bf      0x202 ./Generated_Code/TimerIntLdd1.o
 .debug_info    0x000007c1      0x6ac ./Generated_Code/TU1.o
 .debug_info    0x00000e6d      0x4d9 ./Generated_Code/STM32.o
 .debug_info    0x00001346      0x24e ./Generated_Code/PE_LDD.o
 .debug_info    0x00001594      0x894 ./Generated_Code/I2CAccel.o
 .debug_info    0x00001e28      0x60b ./Generated_Code/GI2C2.o
 .debug_info    0x00002433      0x60b ./Generated_Code/GI2C1.o
 .debug_info    0x00002a3e      0x3f9 ./Generated_Code/ExtIntLdd1.o
 .debug_info    0x00002e37      0x17e ./Generated_Code/EInt1.o
 .debug_info    0x00002fb5      0x3fb ./Generated_Code/EE241.o
 .debug_info    0x000033b0      0x516 ./Generated_Code/DacLdd1.o
 .debug_info    0x000038c6      0xa33 ./Generated_Code/Cpu.o
 .debug_info    0x000042f9      0x310 ./Generated_Code/Conversor.o
 .debug_info    0x00004609      0x964 ./Generated_Code/CI2C1.o
 .debug_info    0x00004f6d      0x3de ./Generated_Code/Bluetooth.o
 .debug_info    0x0000534b      0x312 ./Generated_Code/BitsIoLdd1.o
 .debug_info    0x0000565d      0x31e ./Generated_Code/BitIoLdd9.o
 .debug_info    0x0000597b      0x31e ./Generated_Code/BitIoLdd8.o
 .debug_info    0x00005c99      0x313 ./Generated_Code/BitIoLdd7.o
 .debug_info    0x00005fac      0x313 ./Generated_Code/BitIoLdd6.o
 .debug_info    0x000062bf      0x313 ./Generated_Code/BitIoLdd5.o
 .debug_info    0x000065d2      0x313 ./Generated_Code/BitIoLdd4.o
 .debug_info    0x000068e5      0x31e ./Generated_Code/BitIoLdd3.o
 .debug_info    0x00006c03      0x31e ./Generated_Code/BitIoLdd2.o
 .debug_info    0x00006f21      0x31e ./Generated_Code/BitIoLdd11.o
 .debug_info    0x0000723f      0x31e ./Generated_Code/BitIoLdd10.o
 .debug_info    0x0000755d      0x31e ./Generated_Code/BitIoLdd1.o
 .debug_info    0x0000787b      0x969 ./Generated_Code/AdcLdd1.o
 .debug_info    0x000081e4      0x70d ./Generated_Code/Accelerometer.o
 .debug_info    0x000088f1      0x892 ./Generated_Code/ASerialLdd2.o
 .debug_info    0x00009183      0x866 ./Generated_Code/ASerialLdd1.o
 .debug_info    0x000099e9      0x12a ./Project_Settings/Startup_Code/__arm_start.o
 .debug_info    0x00009b13       0x54 ./Project_Settings/Startup_Code/__arm_end.o
 .debug_info    0x00009b67     0x131c ./Sources/main.o
 .debug_info    0x0000ae83      0x2ad ./Sources/Events.o
 .debug_info    0x0000b130      0x11e C:/Freescale/CW_MCU_v10.6/MCU/ARM_GCC_Support/ewl/lib/armv6-m\libc.a(sprintf.o)
 .debug_info    0x0000b24e      0x205 C:/Freescale/CW_MCU_v10.6/MCU/ARM_GCC_Support/ewl/lib/armv6-m\libc.a(vsnprintf.o)
 .debug_info    0x0000b453      0x340 C:/Freescale/CW_MCU_v10.6/MCU/ARM_GCC_Support/ewl/lib/armv6-m\libc.a(alloc.o)
 .debug_info    0x0000b793       0xe8 C:/Freescale/CW_MCU_v10.6/MCU/ARM_GCC_Support/ewl/lib/armv6-m\libc.a(exit.o)
 .debug_info    0x0000b87b      0x10f C:/Freescale/CW_MCU_v10.6/MCU/ARM_GCC_Support/ewl/lib/armv6-m\libc.a(memcpy.o)
 .debug_info    0x0000b98a       0xec C:/Freescale/CW_MCU_v10.6/MCU/ARM_GCC_Support/ewl/lib/armv6-m\libc.a(memset.o)
 .debug_info    0x0000ba76       0xf0 C:/Freescale/CW_MCU_v10.6/MCU/ARM_GCC_Support/ewl/lib/armv6-m\libc.a(strcat.o)
 .debug_info    0x0000bb66      0x114 C:/Freescale/CW_MCU_v10.6/MCU/ARM_GCC_Support/ewl/lib/armv6-m\libc.a(strcmp.o)
 .debug_info    0x0000bc7a       0xea C:/Freescale/CW_MCU_v10.6/MCU/ARM_GCC_Support/ewl/lib/armv6-m\libc.a(strlen.o)
 .debug_info    0x0000bd64      0x50d C:/Freescale/CW_MCU_v10.6/MCU/ARM_GCC_Support/ewl/lib/armv6-m\libc.a(printformat_.o)
 .debug_info    0x0000c271      0x568 C:/Freescale/CW_MCU_v10.6/MCU/ARM_GCC_Support/ewl/lib/armv6-m\libc.a(scanformat_.o)
 .debug_info    0x0000c7d9      0x313 C:/Freescale/CW_MCU_v10.6/MCU/ARM_GCC_Support/ewl/lib/armv6-m\libc.a(ctype_aeabi.o)
 .debug_info    0x0000caec      0x1d6 C:/Freescale/CW_MCU_v10.6/MCU/ARM_GCC_Support/ewl/lib/armv6-m\libc.a(__strtoul.o)
 .debug_info    0x0000ccc2      0x137 C:/Freescale/CW_MCU_v10.6/MCU/ARM_GCC_Support/ewl/lib/armv6-m\libc.a(__filll_mem.o)
 .debug_info    0x0000cdf9      0x121 C:/Freescale/CW_MCU_v10.6/MCU/ARM_GCC_Support/ewl/lib/armv6-m\libc.a(memchr.o)
 .debug_info    0x0000cf1a      0x10b C:/Freescale/CW_MCU_v10.6/MCU/ARM_GCC_Support/ewl/lib/armv6-m\libc.a(strchr.o)
 .debug_info    0x0000d025       0xed C:/Freescale/CW_MCU_v10.6/MCU/ARM_GCC_Support/ewl/lib/armv6-m\libm.a(round.o)
 .debug_info    0x0000d112      0x1a9 C:/Freescale/CW_MCU_v10.6/MCU/ARM_GCC_Support/ewl/lib/armv6-m\libm.a(s_floor.o)
 .debug_info    0x0000d2bb      0x1c0 C:/Freescale/CW_MCU_v10.6/MCU/ARM_GCC_Support/ewl/lib/armv6-m\libm.a(s_modf.o)
 .debug_info    0x0000d47b      0x305 C:/Freescale/CW_MCU_v10.6/MCU/ARM_GCC_Support/ewl/lib/armv6-m\libm.a(math_api.o)
 .debug_info    0x0000d780      0x136 C:/Freescale/CW_MCU_v10.6/MCU/ARM_GCC_Support/ewl/lib/armv6-m\librt.a(gcc_ctor_dtor.o)
 .debug_info    0x0000d8b6      0x19b C:/Freescale/CW_MCU_v10.6/MCU/ARM_GCC_Support/ewl/lib/armv6-m\librt.a(ROMCopy.o)
 .debug_info    0x0000da51      0x2b9 C:/Freescale/CW_MCU_v10.6/MCU/ARM_GCC_Support/ewl/lib/armv6-m\librt.a(__arm_eabi_init.o)

.debug_abbrev   0x00000000     0x4057
 .debug_abbrev  0x00000000       0x96 ./Generated_Code/timer.o
 .debug_abbrev  0x00000096       0xa3 ./Generated_Code/WAIT3.o
 .debug_abbrev  0x00000139       0xa3 ./Generated_Code/WAIT1.o
 .debug_abbrev  0x000001dc       0xb4 ./Generated_Code/Vectors.o
 .debug_abbrev  0x00000290       0xd2 ./Generated_Code/TimerIntLdd1.o
 .debug_abbrev  0x00000362      0x178 ./Generated_Code/TU1.o
 .debug_abbrev  0x000004da      0x17e ./Generated_Code/STM32.o
 .debug_abbrev  0x00000658      0x102 ./Generated_Code/PE_LDD.o
 .debug_abbrev  0x0000075a      0x179 ./Generated_Code/I2CAccel.o
 .debug_abbrev  0x000008d3      0x1d1 ./Generated_Code/GI2C2.o
 .debug_abbrev  0x00000aa4      0x1d1 ./Generated_Code/GI2C1.o
 .debug_abbrev  0x00000c75      0x134 ./Generated_Code/ExtIntLdd1.o
 .debug_abbrev  0x00000da9       0x96 ./Generated_Code/EInt1.o
 .debug_abbrev  0x00000e3f      0x112 ./Generated_Code/EE241.o
 .debug_abbrev  0x00000f51      0x12a ./Generated_Code/DacLdd1.o
 .debug_abbrev  0x0000107b      0x122 ./Generated_Code/Cpu.o
 .debug_abbrev  0x0000119d      0x134 ./Generated_Code/Conversor.o
 .debug_abbrev  0x000012d1      0x19d ./Generated_Code/CI2C1.o
 .debug_abbrev  0x0000146e      0x16d ./Generated_Code/Bluetooth.o
 .debug_abbrev  0x000015db      0x12b ./Generated_Code/BitsIoLdd1.o
 .debug_abbrev  0x00001706      0x11c ./Generated_Code/BitIoLdd9.o
 .debug_abbrev  0x00001822      0x11c ./Generated_Code/BitIoLdd8.o
 .debug_abbrev  0x0000193e      0x105 ./Generated_Code/BitIoLdd7.o
 .debug_abbrev  0x00001a43      0x105 ./Generated_Code/BitIoLdd6.o
 .debug_abbrev  0x00001b48      0x105 ./Generated_Code/BitIoLdd5.o
 .debug_abbrev  0x00001c4d      0x105 ./Generated_Code/BitIoLdd4.o
 .debug_abbrev  0x00001d52      0x11c ./Generated_Code/BitIoLdd3.o
 .debug_abbrev  0x00001e6e      0x11c ./Generated_Code/BitIoLdd2.o
 .debug_abbrev  0x00001f8a      0x11c ./Generated_Code/BitIoLdd11.o
 .debug_abbrev  0x000020a6      0x11c ./Generated_Code/BitIoLdd10.o
 .debug_abbrev  0x000021c2      0x11c ./Generated_Code/BitIoLdd1.o
 .debug_abbrev  0x000022de      0x1a6 ./Generated_Code/AdcLdd1.o
 .debug_abbrev  0x00002484      0x16d ./Generated_Code/Accelerometer.o
 .debug_abbrev  0x000025f1      0x189 ./Generated_Code/ASerialLdd2.o
 .debug_abbrev  0x0000277a      0x189 ./Generated_Code/ASerialLdd1.o
 .debug_abbrev  0x00002903       0x92 ./Project_Settings/Startup_Code/__arm_start.o
 .debug_abbrev  0x00002995       0x4c ./Project_Settings/Startup_Code/__arm_end.o
 .debug_abbrev  0x000029e1      0x225 ./Sources/main.o
 .debug_abbrev  0x00002c06      0x10e ./Sources/Events.o
 .debug_abbrev  0x00002d14       0xb1 C:/Freescale/CW_MCU_v10.6/MCU/ARM_GCC_Support/ewl/lib/armv6-m\libc.a(sprintf.o)
 .debug_abbrev  0x00002dc5       0xf0 C:/Freescale/CW_MCU_v10.6/MCU/ARM_GCC_Support/ewl/lib/armv6-m\libc.a(vsnprintf.o)
 .debug_abbrev  0x00002eb5      0x167 C:/Freescale/CW_MCU_v10.6/MCU/ARM_GCC_Support/ewl/lib/armv6-m\libc.a(alloc.o)
 .debug_abbrev  0x0000301c       0x7a C:/Freescale/CW_MCU_v10.6/MCU/ARM_GCC_Support/ewl/lib/armv6-m\libc.a(exit.o)
 .debug_abbrev  0x00003096       0x95 C:/Freescale/CW_MCU_v10.6/MCU/ARM_GCC_Support/ewl/lib/armv6-m\libc.a(memcpy.o)
 .debug_abbrev  0x0000312b       0x62 C:/Freescale/CW_MCU_v10.6/MCU/ARM_GCC_Support/ewl/lib/armv6-m\libc.a(memset.o)
 .debug_abbrev  0x0000318d       0x89 C:/Freescale/CW_MCU_v10.6/MCU/ARM_GCC_Support/ewl/lib/armv6-m\libc.a(strcat.o)
 .debug_abbrev  0x00003216       0x89 C:/Freescale/CW_MCU_v10.6/MCU/ARM_GCC_Support/ewl/lib/armv6-m\libc.a(strcmp.o)
 .debug_abbrev  0x0000329f       0x7a C:/Freescale/CW_MCU_v10.6/MCU/ARM_GCC_Support/ewl/lib/armv6-m\libc.a(strlen.o)
 .debug_abbrev  0x00003319      0x200 C:/Freescale/CW_MCU_v10.6/MCU/ARM_GCC_Support/ewl/lib/armv6-m\libc.a(printformat_.o)
 .debug_abbrev  0x00003519      0x1f0 C:/Freescale/CW_MCU_v10.6/MCU/ARM_GCC_Support/ewl/lib/armv6-m\libc.a(scanformat_.o)
 .debug_abbrev  0x00003709       0x9e C:/Freescale/CW_MCU_v10.6/MCU/ARM_GCC_Support/ewl/lib/armv6-m\libc.a(ctype_aeabi.o)
 .debug_abbrev  0x000037a7       0xc2 C:/Freescale/CW_MCU_v10.6/MCU/ARM_GCC_Support/ewl/lib/armv6-m\libc.a(__strtoul.o)
 .debug_abbrev  0x00003869       0x78 C:/Freescale/CW_MCU_v10.6/MCU/ARM_GCC_Support/ewl/lib/armv6-m\libc.a(__filll_mem.o)
 .debug_abbrev  0x000038e1       0x95 C:/Freescale/CW_MCU_v10.6/MCU/ARM_GCC_Support/ewl/lib/armv6-m\libc.a(memchr.o)
 .debug_abbrev  0x00003976       0x7a C:/Freescale/CW_MCU_v10.6/MCU/ARM_GCC_Support/ewl/lib/armv6-m\libc.a(strchr.o)
 .debug_abbrev  0x000039f0       0x77 C:/Freescale/CW_MCU_v10.6/MCU/ARM_GCC_Support/ewl/lib/armv6-m\libm.a(round.o)
 .debug_abbrev  0x00003a67       0xbf C:/Freescale/CW_MCU_v10.6/MCU/ARM_GCC_Support/ewl/lib/armv6-m\libm.a(s_floor.o)
 .debug_abbrev  0x00003b26       0xdd C:/Freescale/CW_MCU_v10.6/MCU/ARM_GCC_Support/ewl/lib/armv6-m\libm.a(s_modf.o)
 .debug_abbrev  0x00003c03       0xe8 C:/Freescale/CW_MCU_v10.6/MCU/ARM_GCC_Support/ewl/lib/armv6-m\libm.a(math_api.o)
 .debug_abbrev  0x00003ceb       0x99 C:/Freescale/CW_MCU_v10.6/MCU/ARM_GCC_Support/ewl/lib/armv6-m\librt.a(gcc_ctor_dtor.o)
 .debug_abbrev  0x00003d84      0x120 C:/Freescale/CW_MCU_v10.6/MCU/ARM_GCC_Support/ewl/lib/armv6-m\librt.a(ROMCopy.o)
 .debug_abbrev  0x00003ea4      0x1b3 C:/Freescale/CW_MCU_v10.6/MCU/ARM_GCC_Support/ewl/lib/armv6-m\librt.a(__arm_eabi_init.o)

.debug_loc      0x00000000     0x674b
 .debug_loc     0x00000000       0x38 ./Generated_Code/timer.o
 .debug_loc     0x00000038       0xa8 ./Generated_Code/WAIT3.o
 .debug_loc     0x000000e0       0xa8 ./Generated_Code/WAIT1.o
 .debug_loc     0x00000188       0xe0 ./Generated_Code/TimerIntLdd1.o
 .debug_loc     0x00000268      0x150 ./Generated_Code/TU1.o
 .debug_loc     0x000003b8      0x270 ./Generated_Code/STM32.o
 .debug_loc     0x00000628       0x9c ./Generated_Code/PE_LDD.o
 .debug_loc     0x000006c4      0x150 ./Generated_Code/I2CAccel.o
 .debug_loc     0x00000814      0x370 ./Generated_Code/GI2C2.o
 .debug_loc     0x00000b84      0x370 ./Generated_Code/GI2C1.o
 .debug_loc     0x00000ef4      0x118 ./Generated_Code/ExtIntLdd1.o
 .debug_loc     0x0000100c       0x38 ./Generated_Code/EInt1.o
 .debug_loc     0x00001044      0x1b6 ./Generated_Code/EE241.o
 .debug_loc     0x000011fa       0x70 ./Generated_Code/DacLdd1.o
 .debug_loc     0x0000126a       0xb0 ./Generated_Code/Cpu.o
 .debug_loc     0x0000131a      0x138 ./Generated_Code/Conversor.o
 .debug_loc     0x00001452      0x1c0 ./Generated_Code/CI2C1.o
 .debug_loc     0x00001612      0x200 ./Generated_Code/Bluetooth.o
 .debug_loc     0x00001812       0x70 ./Generated_Code/BitsIoLdd1.o
 .debug_loc     0x00001882       0xa8 ./Generated_Code/BitIoLdd9.o
 .debug_loc     0x0000192a       0xa8 ./Generated_Code/BitIoLdd8.o
 .debug_loc     0x000019d2       0x70 ./Generated_Code/BitIoLdd7.o
 .debug_loc     0x00001a42       0x70 ./Generated_Code/BitIoLdd6.o
 .debug_loc     0x00001ab2       0x70 ./Generated_Code/BitIoLdd5.o
 .debug_loc     0x00001b22       0x70 ./Generated_Code/BitIoLdd4.o
 .debug_loc     0x00001b92       0xa8 ./Generated_Code/BitIoLdd3.o
 .debug_loc     0x00001c3a       0xa8 ./Generated_Code/BitIoLdd2.o
 .debug_loc     0x00001ce2       0xa8 ./Generated_Code/BitIoLdd11.o
 .debug_loc     0x00001d8a       0xa8 ./Generated_Code/BitIoLdd10.o
 .debug_loc     0x00001e32       0xa8 ./Generated_Code/BitIoLdd1.o
 .debug_loc     0x00001eda      0x1f8 ./Generated_Code/AdcLdd1.o
 .debug_loc     0x000020d2      0x5d4 ./Generated_Code/Accelerometer.o
 .debug_loc     0x000026a6      0x194 ./Generated_Code/ASerialLdd2.o
 .debug_loc     0x0000283a      0x194 ./Generated_Code/ASerialLdd1.o
 .debug_loc     0x000029ce       0x2c ./Project_Settings/Startup_Code/__arm_start.o
 .debug_loc     0x000029fa       0x38 ./Project_Settings/Startup_Code/__arm_end.o
 .debug_loc     0x00002a32      0x822 ./Sources/main.o
 .debug_loc     0x00003254      0x210 ./Sources/Events.o
 .debug_loc     0x00003464       0x3f C:/Freescale/CW_MCU_v10.6/MCU/ARM_GCC_Support/ewl/lib/armv6-m\libc.a(sprintf.o)
 .debug_loc     0x000034a3      0x105 C:/Freescale/CW_MCU_v10.6/MCU/ARM_GCC_Support/ewl/lib/armv6-m\libc.a(vsnprintf.o)
 .debug_loc     0x000035a8      0x335 C:/Freescale/CW_MCU_v10.6/MCU/ARM_GCC_Support/ewl/lib/armv6-m\libc.a(alloc.o)
 .debug_loc     0x000038dd       0x3e C:/Freescale/CW_MCU_v10.6/MCU/ARM_GCC_Support/ewl/lib/armv6-m\libc.a(exit.o)
 .debug_loc     0x0000391b       0x59 C:/Freescale/CW_MCU_v10.6/MCU/ARM_GCC_Support/ewl/lib/armv6-m\libc.a(memcpy.o)
 .debug_loc     0x00003974       0x6f C:/Freescale/CW_MCU_v10.6/MCU/ARM_GCC_Support/ewl/lib/armv6-m\libc.a(memset.o)
 .debug_loc     0x000039e3       0x85 C:/Freescale/CW_MCU_v10.6/MCU/ARM_GCC_Support/ewl/lib/armv6-m\libc.a(strcat.o)
 .debug_loc     0x00003a68       0x64 C:/Freescale/CW_MCU_v10.6/MCU/ARM_GCC_Support/ewl/lib/armv6-m\libc.a(strcmp.o)
 .debug_loc     0x00003acc       0x33 C:/Freescale/CW_MCU_v10.6/MCU/ARM_GCC_Support/ewl/lib/armv6-m\libc.a(strlen.o)
 .debug_loc     0x00003aff     0x104b C:/Freescale/CW_MCU_v10.6/MCU/ARM_GCC_Support/ewl/lib/armv6-m\libc.a(printformat_.o)
 .debug_loc     0x00004b4a      0x9d8 C:/Freescale/CW_MCU_v10.6/MCU/ARM_GCC_Support/ewl/lib/armv6-m\libc.a(scanformat_.o)
 .debug_loc     0x00005522      0x30d C:/Freescale/CW_MCU_v10.6/MCU/ARM_GCC_Support/ewl/lib/armv6-m\libc.a(ctype_aeabi.o)
 .debug_loc     0x0000582f      0x305 C:/Freescale/CW_MCU_v10.6/MCU/ARM_GCC_Support/ewl/lib/armv6-m\libc.a(__strtoul.o)
 .debug_loc     0x00005b34      0x14a C:/Freescale/CW_MCU_v10.6/MCU/ARM_GCC_Support/ewl/lib/armv6-m\libc.a(__filll_mem.o)
 .debug_loc     0x00005c7e       0x77 C:/Freescale/CW_MCU_v10.6/MCU/ARM_GCC_Support/ewl/lib/armv6-m\libc.a(memchr.o)
 .debug_loc     0x00005cf5       0xaf C:/Freescale/CW_MCU_v10.6/MCU/ARM_GCC_Support/ewl/lib/armv6-m\libc.a(strchr.o)
 .debug_loc     0x00005da4       0x93 C:/Freescale/CW_MCU_v10.6/MCU/ARM_GCC_Support/ewl/lib/armv6-m\libm.a(round.o)
 .debug_loc     0x00005e37      0x143 C:/Freescale/CW_MCU_v10.6/MCU/ARM_GCC_Support/ewl/lib/armv6-m\libm.a(s_floor.o)
 .debug_loc     0x00005f7a      0x1ed C:/Freescale/CW_MCU_v10.6/MCU/ARM_GCC_Support/ewl/lib/armv6-m\libm.a(s_modf.o)
 .debug_loc     0x00006167      0x2d7 C:/Freescale/CW_MCU_v10.6/MCU/ARM_GCC_Support/ewl/lib/armv6-m\libm.a(math_api.o)
 .debug_loc     0x0000643e       0x9d C:/Freescale/CW_MCU_v10.6/MCU/ARM_GCC_Support/ewl/lib/armv6-m\librt.a(gcc_ctor_dtor.o)
 .debug_loc     0x000064db       0xd9 C:/Freescale/CW_MCU_v10.6/MCU/ARM_GCC_Support/ewl/lib/armv6-m\librt.a(ROMCopy.o)
 .debug_loc     0x000065b4      0x197 C:/Freescale/CW_MCU_v10.6/MCU/ARM_GCC_Support/ewl/lib/armv6-m\librt.a(__arm_eabi_init.o)

.debug_aranges  0x00000000      0xfb8
 .debug_aranges
                0x00000000       0x20 ./Generated_Code/timer.o
 .debug_aranges
                0x00000020       0x40 ./Generated_Code/WAIT3.o
 .debug_aranges
                0x00000060       0x40 ./Generated_Code/WAIT1.o
 .debug_aranges
                0x000000a0       0x18 ./Generated_Code/Vectors.o
 .debug_aranges
                0x000000b8       0x38 ./Generated_Code/TimerIntLdd1.o
 .debug_aranges
                0x000000f0       0x48 ./Generated_Code/TU1.o
 .debug_aranges
                0x00000138       0x78 ./Generated_Code/STM32.o
 .debug_aranges
                0x000001b0       0x30 ./Generated_Code/PE_LDD.o
 .debug_aranges
                0x000001e0       0x48 ./Generated_Code/I2CAccel.o
 .debug_aranges
                0x00000228       0xa0 ./Generated_Code/GI2C2.o
 .debug_aranges
                0x000002c8       0xa0 ./Generated_Code/GI2C1.o
 .debug_aranges
                0x00000368       0x40 ./Generated_Code/ExtIntLdd1.o
 .debug_aranges
                0x000003a8       0x20 ./Generated_Code/EInt1.o
 .debug_aranges
                0x000003c8       0x58 ./Generated_Code/EE241.o
 .debug_aranges
                0x00000420       0x28 ./Generated_Code/DacLdd1.o
 .debug_aranges
                0x00000448       0x38 ./Generated_Code/Cpu.o
 .debug_aranges
                0x00000480       0x48 ./Generated_Code/Conversor.o
 .debug_aranges
                0x000004c8       0x58 ./Generated_Code/CI2C1.o
 .debug_aranges
                0x00000520       0x68 ./Generated_Code/Bluetooth.o
 .debug_aranges
                0x00000588       0x28 ./Generated_Code/BitsIoLdd1.o
 .debug_aranges
                0x000005b0       0x30 ./Generated_Code/BitIoLdd9.o
 .debug_aranges
                0x000005e0       0x30 ./Generated_Code/BitIoLdd8.o
 .debug_aranges
                0x00000610       0x28 ./Generated_Code/BitIoLdd7.o
 .debug_aranges
                0x00000638       0x28 ./Generated_Code/BitIoLdd6.o
 .debug_aranges
                0x00000660       0x28 ./Generated_Code/BitIoLdd5.o
 .debug_aranges
                0x00000688       0x28 ./Generated_Code/BitIoLdd4.o
 .debug_aranges
                0x000006b0       0x30 ./Generated_Code/BitIoLdd3.o
 .debug_aranges
                0x000006e0       0x30 ./Generated_Code/BitIoLdd2.o
 .debug_aranges
                0x00000710       0x30 ./Generated_Code/BitIoLdd11.o
 .debug_aranges
                0x00000740       0x30 ./Generated_Code/BitIoLdd10.o
 .debug_aranges
                0x00000770       0x30 ./Generated_Code/BitIoLdd1.o
 .debug_aranges
                0x000007a0       0x60 ./Generated_Code/AdcLdd1.o
 .debug_aranges
                0x00000800      0x100 ./Generated_Code/Accelerometer.o
 .debug_aranges
                0x00000900       0x50 ./Generated_Code/ASerialLdd2.o
 .debug_aranges
                0x00000950       0x50 ./Generated_Code/ASerialLdd1.o
 .debug_aranges
                0x000009a0       0x30 ./Project_Settings/Startup_Code/__arm_start.o
 .debug_aranges
                0x000009d0       0x20 ./Project_Settings/Startup_Code/__arm_end.o
 .debug_aranges
                0x000009f0      0x148 ./Sources/main.o
 .debug_aranges
                0x00000b38       0x78 ./Sources/Events.o
 .debug_aranges
                0x00000bb0       0x20 C:/Freescale/CW_MCU_v10.6/MCU/ARM_GCC_Support/ewl/lib/armv6-m\libc.a(sprintf.o)
 .debug_aranges
                0x00000bd0       0x28 C:/Freescale/CW_MCU_v10.6/MCU/ARM_GCC_Support/ewl/lib/armv6-m\libc.a(vsnprintf.o)
 .debug_aranges
                0x00000bf8       0x40 C:/Freescale/CW_MCU_v10.6/MCU/ARM_GCC_Support/ewl/lib/armv6-m\libc.a(alloc.o)
 .debug_aranges
                0x00000c38       0x20 C:/Freescale/CW_MCU_v10.6/MCU/ARM_GCC_Support/ewl/lib/armv6-m\libc.a(exit.o)
 .debug_aranges
                0x00000c58       0x20 C:/Freescale/CW_MCU_v10.6/MCU/ARM_GCC_Support/ewl/lib/armv6-m\libc.a(memcpy.o)
 .debug_aranges
                0x00000c78       0x20 C:/Freescale/CW_MCU_v10.6/MCU/ARM_GCC_Support/ewl/lib/armv6-m\libc.a(memset.o)
 .debug_aranges
                0x00000c98       0x20 C:/Freescale/CW_MCU_v10.6/MCU/ARM_GCC_Support/ewl/lib/armv6-m\libc.a(strcat.o)
 .debug_aranges
                0x00000cb8       0x20 C:/Freescale/CW_MCU_v10.6/MCU/ARM_GCC_Support/ewl/lib/armv6-m\libc.a(strcmp.o)
 .debug_aranges
                0x00000cd8       0x20 C:/Freescale/CW_MCU_v10.6/MCU/ARM_GCC_Support/ewl/lib/armv6-m\libc.a(strlen.o)
 .debug_aranges
                0x00000cf8       0x28 C:/Freescale/CW_MCU_v10.6/MCU/ARM_GCC_Support/ewl/lib/armv6-m\libc.a(printformat_.o)
 .debug_aranges
                0x00000d20       0x20 C:/Freescale/CW_MCU_v10.6/MCU/ARM_GCC_Support/ewl/lib/armv6-m\libc.a(scanformat_.o)
 .debug_aranges
                0x00000d40       0x88 C:/Freescale/CW_MCU_v10.6/MCU/ARM_GCC_Support/ewl/lib/armv6-m\libc.a(ctype_aeabi.o)
 .debug_aranges
                0x00000dc8       0x20 C:/Freescale/CW_MCU_v10.6/MCU/ARM_GCC_Support/ewl/lib/armv6-m\libc.a(__strtoul.o)
 .debug_aranges
                0x00000de8       0x20 C:/Freescale/CW_MCU_v10.6/MCU/ARM_GCC_Support/ewl/lib/armv6-m\libc.a(__filll_mem.o)
 .debug_aranges
                0x00000e08       0x20 C:/Freescale/CW_MCU_v10.6/MCU/ARM_GCC_Support/ewl/lib/armv6-m\libc.a(memchr.o)
 .debug_aranges
                0x00000e28       0x20 C:/Freescale/CW_MCU_v10.6/MCU/ARM_GCC_Support/ewl/lib/armv6-m\libc.a(strchr.o)
 .debug_aranges
                0x00000e48       0x20 C:/Freescale/CW_MCU_v10.6/MCU/ARM_GCC_Support/ewl/lib/armv6-m\libm.a(round.o)
 .debug_aranges
                0x00000e68       0x20 C:/Freescale/CW_MCU_v10.6/MCU/ARM_GCC_Support/ewl/lib/armv6-m\libm.a(s_floor.o)
 .debug_aranges
                0x00000e88       0x20 C:/Freescale/CW_MCU_v10.6/MCU/ARM_GCC_Support/ewl/lib/armv6-m\libm.a(s_modf.o)
 .debug_aranges
                0x00000ea8       0x60 C:/Freescale/CW_MCU_v10.6/MCU/ARM_GCC_Support/ewl/lib/armv6-m\libm.a(math_api.o)
 .debug_aranges
                0x00000f08       0x28 C:/Freescale/CW_MCU_v10.6/MCU/ARM_GCC_Support/ewl/lib/armv6-m\librt.a(gcc_ctor_dtor.o)
 .debug_aranges
                0x00000f30       0x30 C:/Freescale/CW_MCU_v10.6/MCU/ARM_GCC_Support/ewl/lib/armv6-m\librt.a(ROMCopy.o)
 .debug_aranges
                0x00000f60       0x58 C:/Freescale/CW_MCU_v10.6/MCU/ARM_GCC_Support/ewl/lib/armv6-m\librt.a(__arm_eabi_init.o)

.debug_macinfo  0x00000000   0x787d0d
 .debug_macinfo
                0x00000000    0x3e114 ./Generated_Code/timer.o
 .debug_macinfo
                0x0003e114    0x2e3c0 ./Generated_Code/WAIT3.o
 .debug_macinfo
                0x0006c4d4    0x2e3c0 ./Generated_Code/WAIT1.o
 .debug_macinfo
                0x0009a894    0x3e164 ./Generated_Code/Vectors.o
 .debug_macinfo
                0x000d89f8    0x30303 ./Generated_Code/TimerIntLdd1.o
 .debug_macinfo
                0x00108cfb    0x30275 ./Generated_Code/TU1.o
 .debug_macinfo
                0x00138f70    0x3e25d ./Generated_Code/STM32.o
 .debug_macinfo
                0x001771cd    0x3e067 ./Generated_Code/PE_LDD.o
 .debug_macinfo
                0x001b5234    0x3545a ./Generated_Code/I2CAccel.o
 .debug_macinfo
                0x001ea68e    0x2e590 ./Generated_Code/GI2C2.o
 .debug_macinfo
                0x00218c1e    0x2e5fc ./Generated_Code/GI2C1.o
 .debug_macinfo
                0x0024721a    0x326c5 ./Generated_Code/ExtIntLdd1.o
 .debug_macinfo
                0x002798df    0x3e114 ./Generated_Code/EInt1.o
 .debug_macinfo